Archive member included to satisfy reference by file (symbol)

D:/STM/STM32CubeIDE_1.16.0/STM32CubeIDE/plugins/com.st.stm32cube.ide.mcu.externaltools.gnu-tools-for-stm32.12.3.rel1.win32_1.0.200.202406191623/tools/bin/../lib/gcc/arm-none-eabi/12.3.1/../../../../arm-none-eabi/lib/thumb/v8-m.main+fp/hard\libc_nano.a(libc_a-exit.o)
                              D:/STM/STM32CubeIDE_1.16.0/STM32CubeIDE/plugins/com.st.stm32cube.ide.mcu.externaltools.gnu-tools-for-stm32.12.3.rel1.win32_1.0.200.202406191623/tools/bin/../lib/gcc/arm-none-eabi/12.3.1/../../../../arm-none-eabi/lib/thumb/v8-m.main+fp/hard/crt0.o (exit)
D:/STM/STM32CubeIDE_1.16.0/STM32CubeIDE/plugins/com.st.stm32cube.ide.mcu.externaltools.gnu-tools-for-stm32.12.3.rel1.win32_1.0.200.202406191623/tools/bin/../lib/gcc/arm-none-eabi/12.3.1/../../../../arm-none-eabi/lib/thumb/v8-m.main+fp/hard\libc_nano.a(libc_a-nano-vfprintf_float.o)
                              (_printf_float)
D:/STM/STM32CubeIDE_1.16.0/STM32CubeIDE/plugins/com.st.stm32cube.ide.mcu.externaltools.gnu-tools-for-stm32.12.3.rel1.win32_1.0.200.202406191623/tools/bin/../lib/gcc/arm-none-eabi/12.3.1/../../../../arm-none-eabi/lib/thumb/v8-m.main+fp/hard\libc_nano.a(libc_a-nano-vfprintf_i.o)
                              D:/STM/STM32CubeIDE_1.16.0/STM32CubeIDE/plugins/com.st.stm32cube.ide.mcu.externaltools.gnu-tools-for-stm32.12.3.rel1.win32_1.0.200.202406191623/tools/bin/../lib/gcc/arm-none-eabi/12.3.1/../../../../arm-none-eabi/lib/thumb/v8-m.main+fp/hard\libc_nano.a(libc_a-nano-vfprintf_float.o) (_printf_common)
D:/STM/STM32CubeIDE_1.16.0/STM32CubeIDE/plugins/com.st.stm32cube.ide.mcu.externaltools.gnu-tools-for-stm32.12.3.rel1.win32_1.0.200.202406191623/tools/bin/../lib/gcc/arm-none-eabi/12.3.1/../../../../arm-none-eabi/lib/thumb/v8-m.main+fp/hard\libc_nano.a(libc_a-nano-vfscanf_float.o)
                              (_scanf_float)
D:/STM/STM32CubeIDE_1.16.0/STM32CubeIDE/plugins/com.st.stm32cube.ide.mcu.externaltools.gnu-tools-for-stm32.12.3.rel1.win32_1.0.200.202406191623/tools/bin/../lib/gcc/arm-none-eabi/12.3.1/../../../../arm-none-eabi/lib/thumb/v8-m.main+fp/hard\libc_nano.a(libc_a-findfp.o)
                              D:/STM/STM32CubeIDE_1.16.0/STM32CubeIDE/plugins/com.st.stm32cube.ide.mcu.externaltools.gnu-tools-for-stm32.12.3.rel1.win32_1.0.200.202406191623/tools/bin/../lib/gcc/arm-none-eabi/12.3.1/../../../../arm-none-eabi/lib/thumb/v8-m.main+fp/hard\libc_nano.a(libc_a-exit.o) (__stdio_exit_handler)
D:/STM/STM32CubeIDE_1.16.0/STM32CubeIDE/plugins/com.st.stm32cube.ide.mcu.externaltools.gnu-tools-for-stm32.12.3.rel1.win32_1.0.200.202406191623/tools/bin/../lib/gcc/arm-none-eabi/12.3.1/../../../../arm-none-eabi/lib/thumb/v8-m.main+fp/hard\libc_nano.a(libc_a-fwalk.o)
                              D:/STM/STM32CubeIDE_1.16.0/STM32CubeIDE/plugins/com.st.stm32cube.ide.mcu.externaltools.gnu-tools-for-stm32.12.3.rel1.win32_1.0.200.202406191623/tools/bin/../lib/gcc/arm-none-eabi/12.3.1/../../../../arm-none-eabi/lib/thumb/v8-m.main+fp/hard\libc_nano.a(libc_a-findfp.o) (_fwalk_sglue)
D:/STM/STM32CubeIDE_1.16.0/STM32CubeIDE/plugins/com.st.stm32cube.ide.mcu.externaltools.gnu-tools-for-stm32.12.3.rel1.win32_1.0.200.202406191623/tools/bin/../lib/gcc/arm-none-eabi/12.3.1/../../../../arm-none-eabi/lib/thumb/v8-m.main+fp/hard\libc_nano.a(libc_a-printf.o)
                              ./Core/Src/main.o (printf)
D:/STM/STM32CubeIDE_1.16.0/STM32CubeIDE/plugins/com.st.stm32cube.ide.mcu.externaltools.gnu-tools-for-stm32.12.3.rel1.win32_1.0.200.202406191623/tools/bin/../lib/gcc/arm-none-eabi/12.3.1/../../../../arm-none-eabi/lib/thumb/v8-m.main+fp/hard\libc_nano.a(libc_a-sprintf.o)
                              D:/STM/STM32CubeIDE_1.16.0/STM32CubeIDE/plugins/com.st.stm32cube.ide.mcu.externaltools.gnu-tools-for-stm32.12.3.rel1.win32_1.0.200.202406191623/tools/bin/../lib/gcc/arm-none-eabi/12.3.1/../../../../arm-none-eabi/lib/thumb/v8-m.main+fp/hard\libc_nano.a(libc_a-nano-vfscanf_float.o) (sprintf)
D:/STM/STM32CubeIDE_1.16.0/STM32CubeIDE/plugins/com.st.stm32cube.ide.mcu.externaltools.gnu-tools-for-stm32.12.3.rel1.win32_1.0.200.202406191623/tools/bin/../lib/gcc/arm-none-eabi/12.3.1/../../../../arm-none-eabi/lib/thumb/v8-m.main+fp/hard\libc_nano.a(libc_a-stdio.o)
                              D:/STM/STM32CubeIDE_1.16.0/STM32CubeIDE/plugins/com.st.stm32cube.ide.mcu.externaltools.gnu-tools-for-stm32.12.3.rel1.win32_1.0.200.202406191623/tools/bin/../lib/gcc/arm-none-eabi/12.3.1/../../../../arm-none-eabi/lib/thumb/v8-m.main+fp/hard\libc_nano.a(libc_a-findfp.o) (__sread)
D:/STM/STM32CubeIDE_1.16.0/STM32CubeIDE/plugins/com.st.stm32cube.ide.mcu.externaltools.gnu-tools-for-stm32.12.3.rel1.win32_1.0.200.202406191623/tools/bin/../lib/gcc/arm-none-eabi/12.3.1/../../../../arm-none-eabi/lib/thumb/v8-m.main+fp/hard\libc_nano.a(libc_a-memset.o)
[...]
Memory Configuration

Name             Origin             Length             Attributes
RAM              0x20000000         0x00008000         xrw
FLASH            0x08000000         0x00020000         xr
*default*        0x00000000         0xffffffff

Linker script and memory map

LOAD D:/STM/STM32CubeIDE_1.16.0/STM32CubeIDE/plugins/com.st.stm32cube.ide.mcu.externaltools.gnu-tools-for-stm32.12.3.rel1.win32_1.0.200.202406191623/tools/bin/../lib/gcc/arm-none-eabi/12.3.1/thumb/v8-m.main+fp/hard/crti.o
LOAD D:/STM/STM32CubeIDE_1.16.0/STM32CubeIDE/plugins/com.st.stm32cube.ide.mcu.externaltools.gnu-tools-for-stm32.12.3.rel1.win32_1.0.200.202406191623/tools/bin/../lib/gcc/arm-none-eabi/12.3.1/thumb/v8-m.main+fp/hard/crtbegin.o
LOAD D:/STM/STM32CubeIDE_1.16.0/STM32CubeIDE/plugins/com.st.stm32cube.ide.mcu.externaltools.gnu-tools-for-stm32.12.3.rel1.win32_1.0.200.202406191623/tools/bin/../lib/gcc/arm-none-eabi/12.3.1/../../../../arm-none-eabi/lib/thumb/v8-m.main+fp/hard/crt0.o
LOAD ./Core/Src/main.o
LOAD ./Core/Src/stm32h5xx_hal_msp.o
LOAD ./Core/Src/stm32h5xx_it.o
LOAD ./Core/Src/syscalls.o
LOAD ./Core/Src/sysmem.o
LOAD ./Core/Src/system_stm32h5xx.o
LOAD ./Core/Startup/startup_stm32h503rbtx.o
LOAD ./Drivers/STM32H5xx_HAL_Driver/Src/stm32h5xx_hal.o
LOAD ./Drivers/STM32H5xx_HAL_Driver/Src/stm32h5xx_hal_adc.o
LOAD ./Drivers/STM32H5xx_HAL_Driver/Src/stm32h5xx_hal_adc_ex.o
LOAD ./Drivers/STM32H5xx_HAL_Driver/Src/stm32h5xx_hal_cortex.o
LOAD ./Drivers/STM32H5xx_HAL_Driver/Src/stm32h5xx_hal_dma.o
LOAD ./Drivers/STM32H5xx_HAL_Driver/Src/stm32h5xx_hal_dma_ex.o
LOAD ./Drivers/STM32H5xx_HAL_Driver/Src/stm32h5xx_hal_exti.o
LOAD ./Drivers/STM32H5xx_HAL_Driver/Src/stm32h5xx_hal_flash.o
LOAD ./Drivers/STM32H5xx_HAL_Driver/Src/stm32h5xx_hal_flash_ex.o
LOAD ./Drivers/STM32H5xx_HAL_Driver/Src/stm32h5xx_hal_gpio.o
LOAD ./Drivers/STM32H5xx_HAL_Driver/Src/stm32h5xx_hal_pwr.o
LOAD ./Drivers/STM32H5xx_HAL_Driver/Src/stm32h5xx_hal_pwr_ex.o
LOAD ./Drivers/STM32H5xx_HAL_Driver/Src/stm32h5xx_hal_rcc.o
LOAD ./Drivers/STM32H5xx_HAL_Driver/Src/stm32h5xx_hal_rcc_ex.o
LOAD ./Drivers/STM32H5xx_HAL_Driver/Src/stm32h5xx_hal_spi.o
LOAD ./Drivers/STM32H5xx_HAL_Driver/Src/stm32h5xx_hal_spi_ex.o
LOAD ./Drivers/STM32H5xx_HAL_Driver/Src/stm32h5xx_hal_tim.o
LOAD ./Drivers/STM32H5xx_HAL_Driver/Src/stm32h5xx_hal_tim_ex.o
LOAD ./Drivers/STM32H5xx_HAL_Driver/Src/stm32h5xx_hal_uart.o
LOAD ./Drivers/STM32H5xx_HAL_Driver/Src/stm32h5xx_hal_uart_ex.o
START GROUP
LOAD D:/STM/STM32CubeIDE_1.16.0/STM32CubeIDE/plugins/com.st.stm32cube.ide.mcu.externaltools.gnu-tools-for-stm32.12.3.rel1.win32_1.0.200.202406191623/tools/bin/../lib/gcc/arm-none-eabi/12.3.1/../../../../arm-none-eabi/lib/thumb/v8-m.main+fp/hard\libc_nano.a
LOAD D:/STM/STM32CubeIDE_1.16.0/STM32CubeIDE/plugins/com.st.stm32cube.ide.mcu.externaltools.gnu-tools-for-stm32.12.3.rel1.win32_1.0.200.202406191623/tools/bin/../lib/gcc/arm-none-eabi/12.3.1/../../../../arm-none-eabi/lib/thumb/v8-m.main+fp/hard\libm.a
END GROUP
START GROUP
LOAD D:/STM/STM32CubeIDE_1.16.0/STM32CubeIDE/plugins/com.st.stm32cube.ide.mcu.externaltools.gnu-tools-for-stm32.12.3.rel1.win32_1.0.200.202406191623/tools/bin/../lib/gcc/arm-none-eabi/12.3.1/thumb/v8-m.main+fp/hard\libgcc.a
LOAD D:/STM/STM32CubeIDE_1.16.0/STM32CubeIDE/plugins/com.st.stm32cube.ide.mcu.externaltools.gnu-tools-for-stm32.12.3.rel1.win32_1.0.200.202406191623/tools/bin/../lib/gcc/arm-none-eabi/12.3.1/../../../../arm-none-eabi/lib/thumb/v8-m.main+fp/hard\libc_nano.a
END GROUP
START GROUP
LOAD D:/STM/STM32CubeIDE_1.16.0/STM32CubeIDE/plugins/com.st.stm32cube.ide.mcu.externaltools.gnu-tools-for-stm32.12.3.rel1.win32_1.0.200.202406191623/tools/bin/../lib/gcc/arm-none-eabi/12.3.1/thumb/v8-m.main+fp/hard\libgcc.a
LOAD D:/STM/STM32CubeIDE_1.16.0/STM32CubeIDE/plugins/com.st.stm32cube.ide.mcu.externaltools.gnu-tools-for-stm32.12.3.rel1.win32_1.0.200.202406191623/tools/bin/../lib/gcc/arm-none-eabi/12.3.1/../../../../arm-none-eabi/lib/thumb/v8-m.main+fp/hard\libc_nano.a
LOAD D:/STM/STM32CubeIDE_1.16.0/STM32CubeIDE/plugins/com.st.stm32cube.ide.mcu.externaltools.gnu-tools-for-stm32.12.3.rel1.win32_1.0.200.202406191623/tools/bin/../lib/gcc/arm-none-eabi/12.3.1/../../../../arm-none-eabi/lib/thumb/v8-m.main+fp/hard\libnosys.a
END GROUP
START GROUP
LOAD D:/STM/STM32CubeIDE_1.16.0/STM32CubeIDE/plugins/com.st.stm32cube.ide.mcu.externaltools.gnu-tools-for-stm32.12.3.rel1.win32_1.0.200.202406191623/tools/bin/../lib/gcc/arm-none-eabi/12.3.1/thumb/v8-m.main+fp/hard\libgcc.a
LOAD D:/STM/STM32CubeIDE_1.16.0/STM32CubeIDE/plugins/com.st.stm32cube.ide.mcu.externaltools.gnu-tools-for-stm32.12.3.rel1.win32_1.0.200.202406191623/tools/bin/../lib/gcc/arm-none-eabi/12.3.1/../../../../arm-none-eabi/lib/thumb/v8-m.main+fp/hard\libc_nano.a
LOAD D:/STM/STM32CubeIDE_1.16.0/STM32CubeIDE/plugins/com.st.stm32cube.ide.mcu.externaltools.gnu-tools-for-stm32.12.3.rel1.win32_1.0.200.202406191623/tools/bin/../lib/gcc/arm-none-eabi/12.3.1/../../../../arm-none-eabi/lib/thumb/v8-m.main+fp/hard\libnosys.a
END GROUP
LOAD D:/STM/STM32CubeIDE_1.16.0/STM32CubeIDE/plugins/com.st.stm32cube.ide.mcu.externaltools.gnu-tools-for-stm32.12.3.rel1.win32_1.0.200.202406191623/tools/bin/../lib/gcc/arm-none-eabi/12.3.1/thumb/v8-m.main+fp/hard/crtend.o
LOAD D:/STM/STM32CubeIDE_1.16.0/STM32CubeIDE/plugins/com.st.stm32cube.ide.mcu.externaltools.gnu-tools-for-stm32.12.3.rel1.win32_1.0.200.202406191623/tools/bin/../lib/gcc/arm-none-eabi/12.3.1/thumb/v8-m.main+fp/hard/crtn.o
                0x20008000                        _estack = (ORIGIN (RAM) + LENGTH (RAM))
                0x00000200                        _Min_Heap_Size = 0x200
                0x00000400                        _Min_Stack_Size = 0x400

.isr_vector     0x08000000      0x258
                0x08000000                        . = ALIGN (0x4)
 *(.isr_vector)
 .isr_vector    0x08000000      0x258 ./Core/Startup/startup_stm32h503rbtx.o
                0x08000000                g_pfnVectors
                0x08000258                        . = ALIGN (0x4)

.text           0x08000258     0xeeb4
                0x08000258                        . = ALIGN (0x4)
 *(.text)
 .text          0x08000258       0x40 D:/STM/STM32CubeIDE_1.16.0/STM32CubeIDE/plugins/com.st.stm32cube.ide.mcu.externaltools.gnu-tools-for-stm32.12.3.rel1.win32_1.0.200.202406191623/tools/bin/../lib/gcc/arm-none-eabi/12.3.1/thumb/v8-m.main+fp/hard/crtbegin.o
 .text          0x08000298       0x10 D:/STM/STM32CubeIDE_1.16.0/STM32CubeIDE/plugins/com.st.stm32cube.ide.mcu.externaltools.gnu-tools-for-stm32.12.3.rel1.win32_1.0.200.202406191623/tools/bin/../lib/gcc/arm-none-eabi/12.3.1/../../../../arm-none-eabi/lib/thumb/v8-m.main+fp/hard\libc_nano.a(libc_a-strlen.o)
                0x08000298                strlen
 .text          0x080002a8      0x378 D:/STM/STM32CubeIDE_1.16.0/STM32CubeIDE/plugins/com.st.stm32cube.ide.mcu.externaltools.gnu-tools-for-stm32.12.3.rel1.win32_1.0.200.202406191623/tools/bin/../lib/gcc/arm-none-eabi/12.3.1/thumb/v8-m.main+fp/hard\libgcc.a(_arm_addsubdf3.o)
                0x080002a8                __aeabi_drsub
                0x080002b0                __aeabi_dsub
                0x080002b0                __subdf3
                0x080002b4                __aeabi_dadd
                0x080002b4                __adddf3
                0x0800052c                __floatunsidf
                0x0800052c                __aeabi_ui2d
                0x0800054c                __floatsidf
                0x0800054c                __aeabi_i2d
                0x08000570                __aeabi_f2d
                0x08000570                __extendsfdf2
                0x080005b4                __floatundidf
                0x080005b4                __aeabi_ul2d
                0x080005c4                __floatdidf
                0x080005c4                __aeabi_l2d
 .text          0x08000620      0x424 D:/STM/STM32CubeIDE_1.16.0/STM32CubeIDE/plugins/com.st.stm32cube.ide.mcu.externaltools.gnu-tools-for-stm32.12.3.rel1.win32_1.0.200.202406191623/tools/bin/../lib/gcc/arm-none-eabi/12.3.1/thumb/v8-m.main+fp/hard\libgcc.a(_arm_muldivdf3.o)
                0x08000620                __aeabi_dmul
                0x08000620                __muldf3
                0x08000874                __divdf3
                0x08000874                __aeabi_ddiv
 .text          0x08000a44      0x110 D:/STM/STM32CubeIDE_1.16.0/STM32CubeIDE/plugins/com.st.stm32cube.ide.mcu.externaltools.gnu-tools-for-stm32.12.3.rel1.win32_1.0.200.202406191623/tools/bin/../lib/gcc/arm-none-eabi/12.3.1/thumb/v8-m.main+fp/hard\libgcc.a(_arm_cmpdf2.o)
                0x08000a44                __gtdf2
                0x08000a44                __gedf2
                0x08000a4c                __ltdf2
                0x08000a4c                __ledf2
                0x08000a54                __nedf2
                0x08000a54                __eqdf2
                0x08000a54                __cmpdf2
                0x08000ad0                __aeabi_cdrcmple
                0x08000ae0                __aeabi_cdcmpeq
                0x08000ae0                __aeabi_cdcmple
                0x08000af0                __aeabi_dcmpeq
                0x08000b04                __aeabi_dcmplt
                0x08000b18                __aeabi_dcmple
                0x08000b2c                __aeabi_dcmpge
                0x08000b40                __aeabi_dcmpgt
 .text          0x08000b54       0x2c D:/STM/STM32CubeIDE_1.16.0/STM32CubeIDE/plugins/com.st.stm32cube.ide.mcu.externaltools.gnu-tools-for-stm32.12.3.rel1.win32_1.0.200.202406191623/tools/bin/../lib/gcc/arm-none-eabi/12.3.1/thumb/v8-m.main+fp/hard\libgcc.a(_arm_unorddf2.o)
                0x08000b54                __unorddf2
                0x08000b54                __aeabi_dcmpun
 .text          0x08000b80       0x50 D:/STM/STM32CubeIDE_1.16.0/STM32CubeIDE/plugins/com.st.stm32cube.ide.mcu.externaltools.gnu-tools-for-stm32.12.3.rel1.win32_1.0.200.202406191623/tools/bin/../lib/gcc/arm-none-eabi/12.3.1/thumb/v8-m.main+fp/hard\libgcc.a(_arm_fixdfsi.o)
                0x08000b80                __aeabi_d2iz
                0x08000b80                __fixdfsi
 .text          0x08000bd0       0x40 D:/STM/STM32CubeIDE_1.16.0/STM32CubeIDE/plugins/com.st.stm32cube.ide.mcu.externaltools.gnu-tools-for-stm32.12.3.rel1.win32_1.0.200.202406191623/tools/bin/../lib/gcc/arm-none-eabi/12.3.1/thumb/v8-m.main+fp/hard\libgcc.a(_arm_fixunsdfsi.o)
                0x08000bd0                __aeabi_d2uiz
                0x08000bd0                __fixunsdfsi
 .text          0x08000c10       0xa0 D:/STM/STM32CubeIDE_1.16.0/STM32CubeIDE/plugins/com.st.stm32cube.ide.mcu.externaltools.gnu-tools-for-stm32.12.3.rel1.win32_1.0.200.202406191623/tools/bin/../lib/gcc/arm-none-eabi/12.3.1/thumb/v8-m.main+fp/hard\libgcc.a(_arm_truncdfsf2.o)
                0x08000c10                __truncdfsf2
                0x08000c10                __aeabi_d2f
 .text          0x08000cb0       0x30 D:/STM/STM32CubeIDE_1.16.0/STM32CubeIDE/plugins/com.st.stm32cube.ide.mcu.externaltools.gnu-tools-for-stm32.12.3.rel1.win32_1.0.200.202406191623/tools/bin/../lib/gcc/arm-none-eabi/12.3.1/thumb/v8-m.main+fp/hard\libgcc.a(_aeabi_uldivmod.o)
                0x08000cb0                __aeabi_uldivmod
 .text          0x08000ce0       0x30 D:/STM/STM32CubeIDE_1.16.0/STM32CubeIDE/plugins/com.st.stm32cube.ide.mcu.externaltools.gnu-tools-for-stm32.12.3.rel1.win32_1.0.200.202406191623/tools/bin/../lib/gcc/arm-none-eabi/12.3.1/thumb/v8-m.main+fp/hard\libgcc.a(_fixdfdi.o)
                0x08000ce0                __fixdfdi
                0x08000ce0                __aeabi_d2lz
 .text          0x08000d10       0x3c D:/STM/STM32CubeIDE_1.16.0/STM32CubeIDE/plugins/com.st.stm32cube.ide.mcu.externaltools.gnu-tools-for-stm32.12.3.rel1.win32_1.0.200.202406191623/tools/bin/../lib/gcc/arm-none-eabi/12.3.1/thumb/v8-m.main+fp/hard\libgcc.a(_fixunsdfdi.o)
                0x08000d10                __fixunsdfdi
                0x08000d10                __aeabi_d2ulz
 .text          0x08000d4c      0x2e4 D:/STM/STM32CubeIDE_1.16.0/STM32CubeIDE/plugins/com.st.stm32cube.ide.mcu.externaltools.gnu-tools-for-stm32.12.3.rel1.win32_1.0.200.202406191623/tools/bin/../lib/gcc/arm-none-eabi/12.3.1/thumb/v8-m.main+fp/hard\libgcc.a(_udivmoddi4.o)
                0x08000d4c                __udivmoddi4
 .text          0x08001030        0x4 D:/STM/STM32CubeIDE_1.16.0/STM32CubeIDE/plugins/com.st.stm32cube.ide.mcu.externaltools.gnu-tools-for-stm32.12.3.rel1.win32_1.0.200.202406191623/tools/bin/../lib/gcc/arm-none-eabi/12.3.1/thumb/v8-m.main+fp/hard\libgcc.a(_dvmd_tls.o)
                0x08001030                __aeabi_idiv0
                0x08001030                __aeabi_ldiv0
 *(.text*)
 .text.__io_putchar
                0x08001034       0x24 ./Core/Src/main.o
                0x08001034                __io_putchar
 .text.main     0x08001058       0xa0 ./Core/Src/main.o
                0x08001058                main
 .text.SystemClock_Config
                0x080010f8       0xec ./Core/Src/main.o
                0x080010f8                SystemClock_Config
 .text.MX_ADC1_Init
                0x080011e4      0x138 ./Core/Src/main.o
 .text.MX_GPDMA1_Init
                0x0800131c       0x40 ./Core/Src/main.o
 .text.MX_SPI1_Init
                0x0800135c       0xac ./Core/Src/main.o
 .text.MX_TIM1_Init
                0x08001408      0x160 ./Core/Src/main.o
 .text.MX_USART1_UART_Init
                0x08001568       0x98 ./Core/Src/main.o
 .text.MX_GPIO_Init
                0x08001600      0x100 ./Core/Src/main.o
 .text.HAL_ADC_ConvCpltCallback
                0x08001700       0x14 ./Core/Src/main.o
                0x08001700                HAL_ADC_ConvCpltCallback
 *fill*         0x08001714        0x4 
 .text.ReadADC_voltage_current
                0x08001718      0x37c ./Core/Src/main.o
                0x08001718                ReadADC_voltage_current
 .text.ReadData
                0x08001a94       0xc8 ./Core/Src/main.o
                0x08001a94                ReadData
 .text.Beep_Beep
                0x08001b5c       0x74 ./Core/Src/main.o
                0x08001b5c                Beep_Beep
 .text.Error_Handler
                0x08001bd0        0xc ./Core/Src/main.o
                0x08001bd0                Error_Handler
 .text.HAL_MspInit
                0x08001bdc        0xe ./Core/Src/stm32h5xx_hal_msp.o
                0x08001bdc                HAL_MspInit
 *fill*         0x08001bea        0x2 
 .text.HAL_ADC_MspInit
                0x08001bec      0x2d0 ./Core/Src/stm32h5xx_hal_msp.o
                0x08001bec                HAL_ADC_MspInit
 .text.HAL_SPI_MspInit
                0x08001ebc      0x11c ./Core/Src/stm32h5xx_hal_msp.o
                0x08001ebc                HAL_SPI_MspInit
 .text.HAL_TIM_Base_MspInit
                0x08001fd8       0x44 ./Core/Src/stm32h5xx_hal_msp.o
                0x08001fd8                HAL_TIM_Base_MspInit
 .text.HAL_TIM_MspPostInit
                0x0800201c       0x78 ./Core/Src/stm32h5xx_hal_msp.o
                0x0800201c                HAL_TIM_MspPostInit
 .text.HAL_UART_MspInit
                0x08002094       0xd0 ./Core/Src/stm32h5xx_hal_msp.o
                0x08002094                HAL_UART_MspInit
 .text.NMI_Handler
                0x08002164        0x8 ./Core/Src/stm32h5xx_it.o
                0x08002164                NMI_Handler
 .text.HardFault_Handler
                0x0800216c        0x8 ./Core/Src/stm32h5xx_it.o
                0x0800216c                HardFault_Handler
 .text.MemManage_Handler
                0x08002174        0x8 ./Core/Src/stm32h5xx_it.o
                0x08002174                MemManage_Handler
 .text.BusFault_Handler
                0x0800217c        0x8 ./Core/Src/stm32h5xx_it.o
                0x0800217c                BusFault_Handler
 .text.UsageFault_Handler
                0x08002184        0x8 ./Core/Src/stm32h5xx_it.o
                0x08002184                UsageFault_Handler
 .text.SVC_Handler
                0x0800218c        0xe ./Core/Src/stm32h5xx_it.o
                0x0800218c                SVC_Handler
 .text.DebugMon_Handler
                0x0800219a        0xe ./Core/Src/stm32h5xx_it.o
                0x0800219a                DebugMon_Handler
 .text.PendSV_Handler
                0x080021a8        0xe ./Core/Src/stm32h5xx_it.o
                0x080021a8                PendSV_Handler
 .text.SysTick_Handler
                0x080021b6        0xc ./Core/Src/stm32h5xx_it.o
                0x080021b6                SysTick_Handler
 *fill*         0x080021c2        0x2 
 .text.GPDMA1_Channel0_IRQHandler
                0x080021c4       0x14 ./Core/Src/stm32h5xx_it.o
                0x080021c4                GPDMA1_Channel0_IRQHandler
 .text._getpid  0x080021d8       0x10 ./Core/Src/syscalls.o
                0x080021d8                _getpid
 .text._kill    0x080021e8       0x20 ./Core/Src/syscalls.o
                0x080021e8                _kill
 .text._exit    0x08002208       0x16 ./Core/Src/syscalls.o
                0x08002208                _exit
 .text._read    0x0800221e       0x3a ./Core/Src/syscalls.o
                0x0800221e                _read
 .text._write   0x08002258       0x38 ./Core/Src/syscalls.o
                0x08002258                _write
 .text._close   0x08002290       0x18 ./Core/Src/syscalls.o
                0x08002290                _close
 .text._fstat   0x080022a8       0x20 ./Core/Src/syscalls.o
                0x080022a8                _fstat
 .text._isatty  0x080022c8       0x16 ./Core/Src/syscalls.o
                0x080022c8                _isatty
 .text._lseek   0x080022de       0x1a ./Core/Src/syscalls.o
                0x080022de                _lseek
 .text._sbrk    0x080022f8       0x6c ./Core/Src/sysmem.o
                0x080022f8                _sbrk
 .text.SystemInit
                0x08002364       0xe4 ./Core/Src/system_stm32h5xx.o
                0x08002364                SystemInit
 .text.Reset_Handler
                0x08002448       0x50 ./Core/Startup/startup_stm32h503rbtx.o
                0x08002448                Reset_Handler
 .text.Default_Handler
                0x08002498        0x2 ./Core/Startup/startup_stm32h503rbtx.o
                0x08002498                EXTI2_IRQHandler
                0x08002498                EXTI5_IRQHandler
                0x08002498                I3C1_ER_IRQHandler
                0x08002498                GPDMA2_Channel1_IRQHandler
                0x08002498                EXTI13_IRQHandler
                0x08002498                TIM1_CC_IRQHandler
                0x08002498                GPDMA2_Channel3_IRQHandler
                0x08002498                TAMP_IRQHandler
                0x08002498                TIM6_IRQHandler
                0x08002498                EXTI12_IRQHandler
                0x08002498                USB_DRD_FS_IRQHandler
                0x08002498                EXTI3_IRQHandler
                0x08002498                GPDMA1_Channel5_IRQHandler
                0x08002498                EXTI8_IRQHandler
                0x08002498                GPDMA2_Channel5_IRQHandler
                0x08002498                LPTIM2_IRQHandler
                0x08002498                GPDMA2_Channel2_IRQHandler
                0x08002498                EXTI0_IRQHandler
                0x08002498                I2C2_EV_IRQHandler
                0x08002498                FPU_IRQHandler
                0x08002498                GPDMA1_Channel3_IRQHandler
                0x08002498                GPDMA1_Channel7_IRQHandler
                0x08002498                FDCAN1_IT1_IRQHandler
                0x08002498                RAMCFG_IRQHandler
                0x08002498                SPI1_IRQHandler
                0x08002498                GPDMA1_Channel2_IRQHandler
                0x08002498                ADC1_IRQHandler
                0x08002498                I3C2_ER_IRQHandler
                0x08002498                EXTI15_IRQHandler
                0x08002498                USART3_IRQHandler
                0x08002498                RTC_IRQHandler
                0x08002498                EXTI9_IRQHandler
                0x08002498                I3C2_EV_IRQHandler
                0x08002498                I2C1_EV_IRQHandler
                0x08002498                GPDMA1_Channel1_IRQHandler
                0x08002498                TIM3_IRQHandler
                0x08002498                RCC_IRQHandler
                0x08002498                TIM1_TRG_COM_IRQHandler
                0x08002498                Default_Handler
                0x08002498                GPDMA2_Channel4_IRQHandler
                0x08002498                TIM7_IRQHandler
                0x08002498                I3C1_EV_IRQHandler
                0x08002498                PVD_AVD_IRQHandler
                0x08002498                SPI2_IRQHandler
                0x08002498                EXTI14_IRQHandler
                0x08002498                EXTI11_IRQHandler
                0x08002498                CRS_IRQHandler
                0x08002498                EXTI4_IRQHandler
                0x08002498                GPDMA2_Channel0_IRQHandler
                0x08002498                RNG_IRQHandler
                0x08002498                GPDMA2_Channel6_IRQHandler
                0x08002498                TIM1_UP_IRQHandler
                0x08002498                WWDG_IRQHandler
                0x08002498                IWDG_IRQHandler
                0x08002498                LPUART1_IRQHandler
                0x08002498                FDCAN1_IT0_IRQHandler
                0x08002498                TIM2_IRQHandler
                0x08002498                GPDMA1_Channel4_IRQHandler
                0x08002498                EXTI7_IRQHandler
                0x08002498                TIM1_BRK_IRQHandler
                0x08002498                EXTI1_IRQHandler
                0x08002498                DAC1_IRQHandler
                0x08002498                DTS_IRQHandler
                0x08002498                GTZC_IRQHandler
                0x08002498                USART2_IRQHandler
                0x08002498                GPDMA1_Channel6_IRQHandler
                0x08002498                GPDMA2_Channel7_IRQHandler
                0x08002498                I2C2_ER_IRQHandler
                0x08002498                FLASH_IRQHandler
                0x08002498                USART1_IRQHandler
                0x08002498                EXTI10_IRQHandler
                0x08002498                SPI3_IRQHandler
                0x08002498                I2C1_ER_IRQHandler
                0x08002498                EXTI6_IRQHandler
                0x08002498                COMP1_IRQHandler
                0x08002498                LPTIM1_IRQHandler
                0x08002498                ICACHE_IRQHandler
                0x08002498                HASH_IRQHandler
 *fill*         0x0800249a        0x2 
 .text.HAL_Init
                0x0800249c       0x50 ./Drivers/STM32H5xx_HAL_Driver/Src/stm32h5xx_hal.o
                0x0800249c                HAL_Init
 .text.HAL_InitTick
                0x080024ec       0xec ./Drivers/STM32H5xx_HAL_Driver/Src/stm32h5xx_hal.o
                0x080024ec                HAL_InitTick
 .text.HAL_IncTick
                0x080025d8       0x28 ./Drivers/STM32H5xx_HAL_Driver/Src/stm32h5xx_hal.o
                0x080025d8                HAL_IncTick
 .text.HAL_GetTick
                0x08002600       0x18 ./Drivers/STM32H5xx_HAL_Driver/Src/stm32h5xx_hal.o
                0x08002600                HAL_GetTick
 .text.HAL_Delay
                0x08002618       0x48 ./Drivers/STM32H5xx_HAL_Driver/Src/stm32h5xx_hal.o
                0x08002618                HAL_Delay
 .text.LL_ADC_SetCommonClock
                0x08002660       0x26 ./Drivers/STM32H5xx_HAL_Driver/Src/stm32h5xx_hal_adc.o
 .text.LL_ADC_SetCommonPathInternalCh
                0x08002686       0x26 ./Drivers/STM32H5xx_HAL_Driver/Src/stm32h5xx_hal_adc.o
 .text.LL_ADC_GetCommonPathInternalCh
                0x080026ac       0x1c ./Drivers/STM32H5xx_HAL_Driver/Src/stm32h5xx_hal_adc.o
 .text.LL_ADC_EnableChannelVDDcore
                0x080026c8       0x24 ./Drivers/STM32H5xx_HAL_Driver/Src/stm32h5xx_hal_adc.o
 .text.LL_ADC_EnableChannel0_GPIO
                0x080026ec       0x28 ./Drivers/STM32H5xx_HAL_Driver/Src/stm32h5xx_hal_adc.o
 .text.LL_ADC_SetOffset
                0x08002714       0x48 ./Drivers/STM32H5xx_HAL_Driver/Src/stm32h5xx_hal_adc.o
 .text.LL_ADC_GetOffsetChannel
                0x0800275c       0x2c ./Drivers/STM32H5xx_HAL_Driver/Src/stm32h5xx_hal_adc.o
 .text.LL_ADC_SetOffsetState
                0x08002788       0x36 ./Drivers/STM32H5xx_HAL_Driver/Src/stm32h5xx_hal_adc.o
 .text.LL_ADC_SetOffsetSign
                0x080027be       0x36 ./Drivers/STM32H5xx_HAL_Driver/Src/stm32h5xx_hal_adc.o
 .text.LL_ADC_SetOffsetSaturation
                0x080027f4       0x36 ./Drivers/STM32H5xx_HAL_Driver/Src/stm32h5xx_hal_adc.o
 .text.LL_ADC_SetSamplingTimeCommonConfig
                0x0800282a       0x26 ./Drivers/STM32H5xx_HAL_Driver/Src/stm32h5xx_hal_adc.o
 .text.LL_ADC_REG_IsTriggerSourceSWStart
                0x08002850       0x26 ./Drivers/STM32H5xx_HAL_Driver/Src/stm32h5xx_hal_adc.o
 .text.LL_ADC_REG_SetSequencerRanks
                0x08002876       0x58 ./Drivers/STM32H5xx_HAL_Driver/Src/stm32h5xx_hal_adc.o
 .text.LL_ADC_SetChannelSamplingTime
                0x080028ce       0x56 ./Drivers/STM32H5xx_HAL_Driver/Src/stm32h5xx_hal_adc.o
 .text.LL_ADC_SetChannelSingleDiff
                0x08002924       0x48 ./Drivers/STM32H5xx_HAL_Driver/Src/stm32h5xx_hal_adc.o
 .text.LL_ADC_DisableDeepPowerDown
                0x0800296c       0x24 ./Drivers/STM32H5xx_HAL_Driver/Src/stm32h5xx_hal_adc.o
 .text.LL_ADC_IsDeepPowerDownEnabled
                0x08002990       0x28 ./Drivers/STM32H5xx_HAL_Driver/Src/stm32h5xx_hal_adc.o
 .text.LL_ADC_EnableInternalRegulator
                0x080029b8       0x28 ./Drivers/STM32H5xx_HAL_Driver/Src/stm32h5xx_hal_adc.o
 .text.LL_ADC_IsInternalRegulatorEnabled
                0x080029e0       0x28 ./Drivers/STM32H5xx_HAL_Driver/Src/stm32h5xx_hal_adc.o
 .text.LL_ADC_Enable
                0x08002a08       0x28 ./Drivers/STM32H5xx_HAL_Driver/Src/stm32h5xx_hal_adc.o
 .text.LL_ADC_IsEnabled
                0x08002a30       0x26 ./Drivers/STM32H5xx_HAL_Driver/Src/stm32h5xx_hal_adc.o
 .text.LL_ADC_REG_StartConversion
                0x08002a56       0x28 ./Drivers/STM32H5xx_HAL_Driver/Src/stm32h5xx_hal_adc.o
 .text.LL_ADC_REG_IsConversionOngoing
                0x08002a7e       0x26 ./Drivers/STM32H5xx_HAL_Driver/Src/stm32h5xx_hal_adc.o
 .text.LL_ADC_INJ_IsConversionOngoing
                0x08002aa4       0x26 ./Drivers/STM32H5xx_HAL_Driver/Src/stm32h5xx_hal_adc.o
 *fill*         0x08002aca        0x2 
 .text.HAL_ADC_Init
                0x08002acc      0x29c ./Drivers/STM32H5xx_HAL_Driver/Src/stm32h5xx_hal_adc.o
                0x08002acc                HAL_ADC_Init
 .text.HAL_ADC_Start_DMA
                0x08002d68      0x1f0 ./Drivers/STM32H5xx_HAL_Driver/Src/stm32h5xx_hal_adc.o
                0x08002d68                HAL_ADC_Start_DMA
 .text.HAL_ADC_ConvHalfCpltCallback
                0x08002f58       0x14 ./Drivers/STM32H5xx_HAL_Driver/Src/stm32h5xx_hal_adc.o
                0x08002f58                HAL_ADC_ConvHalfCpltCallback
 .text.HAL_ADC_ErrorCallback
                0x08002f6c       0x14 ./Drivers/STM32H5xx_HAL_Driver/Src/stm32h5xx_hal_adc.o
                0x08002f6c                HAL_ADC_ErrorCallback
 .text.HAL_ADC_ConfigChannel
                0x08002f80      0x800 ./Drivers/STM32H5xx_HAL_Driver/Src/stm32h5xx_hal_adc.o
                0x08002f80                HAL_ADC_ConfigChannel
 .text.ADC_Enable
                0x08003780      0x104 ./Drivers/STM32H5xx_HAL_Driver/Src/stm32h5xx_hal_adc.o
                0x08003780                ADC_Enable
 .text.ADC_DMAConvCplt
                0x08003884       0xd8 ./Drivers/STM32H5xx_HAL_Driver/Src/stm32h5xx_hal_adc.o
                0x08003884                ADC_DMAConvCplt
 .text.ADC_DMAHalfConvCplt
                0x0800395c       0x1c ./Drivers/STM32H5xx_HAL_Driver/Src/stm32h5xx_hal_adc.o
                0x0800395c                ADC_DMAHalfConvCplt
 .text.ADC_DMAError
                0x08003978       0x34 ./Drivers/STM32H5xx_HAL_Driver/Src/stm32h5xx_hal_adc.o
                0x08003978                ADC_DMAError
 .text.__NVIC_SetPriorityGrouping
                0x080039ac       0x48 ./Drivers/STM32H5xx_HAL_Driver/Src/stm32h5xx_hal_cortex.o
 .text.__NVIC_GetPriorityGrouping
                0x080039f4       0x1c ./Drivers/STM32H5xx_HAL_Driver/Src/stm32h5xx_hal_cortex.o
 .text.__NVIC_EnableIRQ
                0x08003a10       0x3c ./Drivers/STM32H5xx_HAL_Driver/Src/stm32h5xx_hal_cortex.o
 .text.__NVIC_SetPriority
                0x08003a4c       0x54 ./Drivers/STM32H5xx_HAL_Driver/Src/stm32h5xx_hal_cortex.o
 .text.NVIC_EncodePriority
                0x08003aa0       0x66 ./Drivers/STM32H5xx_HAL_Driver/Src/stm32h5xx_hal_cortex.o
 .text.HAL_NVIC_SetPriorityGrouping
                0x08003b06       0x16 ./Drivers/STM32H5xx_HAL_Driver/Src/stm32h5xx_hal_cortex.o
                0x08003b06                HAL_NVIC_SetPriorityGrouping
 .text.HAL_NVIC_SetPriority
                0x08003b1c       0x34 ./Drivers/STM32H5xx_HAL_Driver/Src/stm32h5xx_hal_cortex.o
                0x08003b1c                HAL_NVIC_SetPriority
 .text.HAL_NVIC_EnableIRQ
                0x08003b50       0x1c ./Drivers/STM32H5xx_HAL_Driver/Src/stm32h5xx_hal_cortex.o
                0x08003b50                HAL_NVIC_EnableIRQ
 .text.HAL_SYSTICK_Config
                0x08003b6c       0x44 ./Drivers/STM32H5xx_HAL_Driver/Src/stm32h5xx_hal_cortex.o
                0x08003b6c                HAL_SYSTICK_Config
 .text.HAL_SYSTICK_CLKSourceConfig
                0x08003bb0       0xb0 ./Drivers/STM32H5xx_HAL_Driver/Src/stm32h5xx_hal_cortex.o
                0x08003bb0                HAL_SYSTICK_CLKSourceConfig
 .text.HAL_SYSTICK_GetCLKSourceConfig
                0x08003c60       0x6c ./Drivers/STM32H5xx_HAL_Driver/Src/stm32h5xx_hal_cortex.o
                0x08003c60                HAL_SYSTICK_GetCLKSourceConfig
 .text.HAL_DMA_Start_IT
                0x08003ccc       0xc0 ./Drivers/STM32H5xx_HAL_Driver/Src/stm32h5xx_hal_dma.o
                0x08003ccc                HAL_DMA_Start_IT
 .text.HAL_DMA_IRQHandler
                0x08003d8c      0x2c2 ./Drivers/STM32H5xx_HAL_Driver/Src/stm32h5xx_hal_dma.o
                0x08003d8c                HAL_DMA_IRQHandler
 .text.HAL_DMA_ConfigChannelAttributes
                0x0800404e       0x78 ./Drivers/STM32H5xx_HAL_Driver/Src/stm32h5xx_hal_dma.o
                0x0800404e                HAL_DMA_ConfigChannelAttributes
 .text.DMA_SetConfig
                0x080040c6       0x4a ./Drivers/STM32H5xx_HAL_Driver/Src/stm32h5xx_hal_dma.o
 .text.HAL_DMAEx_List_Init
                0x08004110      0x16c ./Drivers/STM32H5xx_HAL_Driver/Src/stm32h5xx_hal_dma_ex.o
                0x08004110                HAL_DMAEx_List_Init
 .text.HAL_DMAEx_List_Start_IT
                0x0800427c      0x128 ./Drivers/STM32H5xx_HAL_Driver/Src/stm32h5xx_hal_dma_ex.o
                0x0800427c                HAL_DMAEx_List_Start_IT
 .text.HAL_DMAEx_List_BuildNode
                0x080043a4       0x2c ./Drivers/STM32H5xx_HAL_Driver/Src/stm32h5xx_hal_dma_ex.o
                0x080043a4                HAL_DMAEx_List_BuildNode
 .text.HAL_DMAEx_List_GetNodeConfig
                0x080043d0       0x2c ./Drivers/STM32H5xx_HAL_Driver/Src/stm32h5xx_hal_dma_ex.o
                0x080043d0                HAL_DMAEx_List_GetNodeConfig
 .text.HAL_DMAEx_List_InsertNode
                0x080043fc      0x192 ./Drivers/STM32H5xx_HAL_Driver/Src/stm32h5xx_hal_dma_ex.o
                0x080043fc                HAL_DMAEx_List_InsertNode
 .text.HAL_DMAEx_List_SetCircularMode
                0x0800458e       0xc0 ./Drivers/STM32H5xx_HAL_Driver/Src/stm32h5xx_hal_dma_ex.o
                0x0800458e                HAL_DMAEx_List_SetCircularMode
 *fill*         0x0800464e        0x2 
 .text.HAL_DMAEx_List_LinkQ
                0x08004650       0xf4 ./Drivers/STM32H5xx_HAL_Driver/Src/stm32h5xx_hal_dma_ex.o
                0x08004650                HAL_DMAEx_List_LinkQ
 .text.DMA_List_Init
                0x08004744      0x19c ./Drivers/STM32H5xx_HAL_Driver/Src/stm32h5xx_hal_dma_ex.o
 .text.DMA_List_BuildNode
                0x080048e0      0x2b0 ./Drivers/STM32H5xx_HAL_Driver/Src/stm32h5xx_hal_dma_ex.o
 .text.DMA_List_GetNodeConfig
                0x08004b90      0x214 ./Drivers/STM32H5xx_HAL_Driver/Src/stm32h5xx_hal_dma_ex.o
 .text.DMA_List_CheckNodesBaseAddresses
                0x08004da4       0x60 ./Drivers/STM32H5xx_HAL_Driver/Src/stm32h5xx_hal_dma_ex.o
 .text.DMA_List_CheckNodesTypes
                0x08004e04       0x78 ./Drivers/STM32H5xx_HAL_Driver/Src/stm32h5xx_hal_dma_ex.o
 .text.DMA_List_GetCLLRNodeInfo
                0x08004e7c       0x60 ./Drivers/STM32H5xx_HAL_Driver/Src/stm32h5xx_hal_dma_ex.o
 .text.DMA_List_FindNode
                0x08004edc      0x13e ./Drivers/STM32H5xx_HAL_Driver/Src/stm32h5xx_hal_dma_ex.o
 *fill*         0x0800501a        0x2 
 .text.HAL_GPIO_Init
                0x0800501c      0x2a4 ./Drivers/STM32H5xx_HAL_Driver/Src/stm32h5xx_hal_gpio.o
                0x0800501c                HAL_GPIO_Init
 .text.HAL_GPIO_WritePin
                0x080052c0       0x30 ./Drivers/STM32H5xx_HAL_Driver/Src/stm32h5xx_hal_gpio.o
                0x080052c0                HAL_GPIO_WritePin
 .text.HAL_RCC_OscConfig
                0x080052f0      0x870 ./Drivers/STM32H5xx_HAL_Driver/Src/stm32h5xx_hal_rcc.o
                0x080052f0                HAL_RCC_OscConfig
 .text.HAL_RCC_ClockConfig
                0x08005b60      0x370 ./Drivers/STM32H5xx_HAL_Driver/Src/stm32h5xx_hal_rcc.o
                0x08005b60                HAL_RCC_ClockConfig
 .text.HAL_RCC_GetSysClockFreq
                0x08005ed0      0x258 ./Drivers/STM32H5xx_HAL_Driver/Src/stm32h5xx_hal_rcc.o
                0x08005ed0                HAL_RCC_GetSysClockFreq
 .text.HAL_RCC_GetHCLKFreq
                0x08006128       0x38 ./Drivers/STM32H5xx_HAL_Driver/Src/stm32h5xx_hal_rcc.o
                0x08006128                HAL_RCC_GetHCLKFreq
 .text.HAL_RCC_GetPCLK1Freq
                0x08006160       0x2c ./Drivers/STM32H5xx_HAL_Driver/Src/stm32h5xx_hal_rcc.o
                0x08006160                HAL_RCC_GetPCLK1Freq
 .text.HAL_RCC_GetPCLK2Freq
                0x0800618c       0x2c ./Drivers/STM32H5xx_HAL_Driver/Src/stm32h5xx_hal_rcc.o
                0x0800618c                HAL_RCC_GetPCLK2Freq
 .text.HAL_RCC_GetPCLK3Freq
                0x080061b8       0x2c ./Drivers/STM32H5xx_HAL_Driver/Src/stm32h5xx_hal_rcc.o
                0x080061b8                HAL_RCC_GetPCLK3Freq
 .text.HAL_RCCEx_PeriphCLKConfig
                0x080061e4      0xc48 ./Drivers/STM32H5xx_HAL_Driver/Src/stm32h5xx_hal_rcc_ex.o
                0x080061e4                HAL_RCCEx_PeriphCLKConfig
 .text.HAL_RCCEx_GetPLL1ClockFreq
                0x08006e2c      0x2d4 ./Drivers/STM32H5xx_HAL_Driver/Src/stm32h5xx_hal_rcc_ex.o
                0x08006e2c                HAL_RCCEx_GetPLL1ClockFreq
 .text.HAL_RCCEx_GetPLL2ClockFreq
                0x08007100      0x2d4 ./Drivers/STM32H5xx_HAL_Driver/Src/stm32h5xx_hal_rcc_ex.o
                0x08007100                HAL_RCCEx_GetPLL2ClockFreq
 .text.HAL_RCCEx_GetPeriphCLKFreq
                0x080073d4      0xe7c ./Drivers/STM32H5xx_HAL_Driver/Src/stm32h5xx_hal_rcc_ex.o
                0x080073d4                HAL_RCCEx_GetPeriphCLKFreq
 .text.RCCEx_PLL2_Config
                0x08008250      0x130 ./Drivers/STM32H5xx_HAL_Driver/Src/stm32h5xx_hal_rcc_ex.o
 .text.HAL_SPI_Init
                0x08008380      0x1f8 ./Drivers/STM32H5xx_HAL_Driver/Src/stm32h5xx_hal_spi.o
                0x08008380                HAL_SPI_Init
 .text.HAL_SPI_Transmit
                0x08008578      0x404 ./Drivers/STM32H5xx_HAL_Driver/Src/stm32h5xx_hal_spi.o
                0x08008578                HAL_SPI_Transmit
 .text.HAL_SPI_Receive
                0x0800897c      0x328 ./Drivers/STM32H5xx_HAL_Driver/Src/stm32h5xx_hal_spi.o
                0x0800897c                HAL_SPI_Receive
 .text.SPI_CloseTransfer
                0x08008ca4      0x140 ./Drivers/STM32H5xx_HAL_Driver/Src/stm32h5xx_hal_spi.o
 .text.SPI_WaitOnFlagUntilTimeout
                0x08008de4       0x5c ./Drivers/STM32H5xx_HAL_Driver/Src/stm32h5xx_hal_spi.o
 .text.SPI_GetPacketSize
                0x08008e40       0x36 ./Drivers/STM32H5xx_HAL_Driver/Src/stm32h5xx_hal_spi.o
 .text.HAL_TIM_Base_Init
                0x08008e76       0xae ./Drivers/STM32H5xx_HAL_Driver/Src/stm32h5xx_hal_tim.o
                0x08008e76                HAL_TIM_Base_Init
 .text.HAL_TIM_PWM_Init
                0x08008f24       0xae ./Drivers/STM32H5xx_HAL_Driver/Src/stm32h5xx_hal_tim.o
                0x08008f24                HAL_TIM_PWM_Init
 .text.HAL_TIM_PWM_MspInit
                0x08008fd2       0x14 ./Drivers/STM32H5xx_HAL_Driver/Src/stm32h5xx_hal_tim.o
                0x08008fd2                HAL_TIM_PWM_MspInit
 *fill*         0x08008fe6        0x2 
 .text.HAL_TIM_PWM_Start
                0x08008fe8      0x19c ./Drivers/STM32H5xx_HAL_Driver/Src/stm32h5xx_hal_tim.o
                0x08008fe8                HAL_TIM_PWM_Start
 .text.HAL_TIM_PWM_ConfigChannel
                0x08009184      0x228 ./Drivers/STM32H5xx_HAL_Driver/Src/stm32h5xx_hal_tim.o
                0x08009184                HAL_TIM_PWM_ConfigChannel
 .text.HAL_TIM_ConfigClockSource
                0x080093ac      0x23c ./Drivers/STM32H5xx_HAL_Driver/Src/stm32h5xx_hal_tim.o
                0x080093ac                HAL_TIM_ConfigClockSource
 .text.TIM_Base_SetConfig
                0x080095e8       0xcc ./Drivers/STM32H5xx_HAL_Driver/Src/stm32h5xx_hal_tim.o
                0x080095e8                TIM_Base_SetConfig
 .text.TIM_OC1_SetConfig
                0x080096b4       0xd0 ./Drivers/STM32H5xx_HAL_Driver/Src/stm32h5xx_hal_tim.o
 .text.TIM_OC2_SetConfig
                0x08009784       0xdc ./Drivers/STM32H5xx_HAL_Driver/Src/stm32h5xx_hal_tim.o
                0x08009784                TIM_OC2_SetConfig
 .text.TIM_OC3_SetConfig
                0x08009860       0xd8 ./Drivers/STM32H5xx_HAL_Driver/Src/stm32h5xx_hal_tim.o
 .text.TIM_OC4_SetConfig
                0x08009938       0xdc ./Drivers/STM32H5xx_HAL_Driver/Src/stm32h5xx_hal_tim.o
 .text.TIM_OC5_SetConfig
                0x08009a14       0x98 ./Drivers/STM32H5xx_HAL_Driver/Src/stm32h5xx_hal_tim.o
 .text.TIM_OC6_SetConfig
                0x08009aac       0x9c ./Drivers/STM32H5xx_HAL_Driver/Src/stm32h5xx_hal_tim.o
 .text.TIM_TI1_ConfigInputStage
                0x08009b48       0x5e ./Drivers/STM32H5xx_HAL_Driver/Src/stm32h5xx_hal_tim.o
 .text.TIM_TI2_ConfigInputStage
                0x08009ba6       0x60 ./Drivers/STM32H5xx_HAL_Driver/Src/stm32h5xx_hal_tim.o
 .text.TIM_ITRx_SetConfig
                0x08009c06       0x3a ./Drivers/STM32H5xx_HAL_Driver/Src/stm32h5xx_hal_tim.o
 .text.TIM_ETR_SetConfig
                0x08009c40       0x40 ./Drivers/STM32H5xx_HAL_Driver/Src/stm32h5xx_hal_tim.o
                0x08009c40                TIM_ETR_SetConfig
 .text.TIM_CCxChannelCmd
                0x08009c80       0x4a ./Drivers/STM32H5xx_HAL_Driver/Src/stm32h5xx_hal_tim.o
                0x08009c80                TIM_CCxChannelCmd
 *fill*         0x08009cca        0x2 
 .text.HAL_TIMEx_MasterConfigSynchronization
                0x08009ccc       0xd0 ./Drivers/STM32H5xx_HAL_Driver/Src/stm32h5xx_hal_tim_ex.o
                0x08009ccc                HAL_TIMEx_MasterConfigSynchronization
 .text.HAL_TIMEx_ConfigBreakDeadTime
                0x08009d9c      0x10c ./Drivers/STM32H5xx_HAL_Driver/Src/stm32h5xx_hal_tim_ex.o
                0x08009d9c                HAL_TIMEx_ConfigBreakDeadTime
 .text.HAL_UART_Init
                0x08009ea8       0xa0 ./Drivers/STM32H5xx_HAL_Driver/Src/stm32h5xx_hal_uart.o
                0x08009ea8                HAL_UART_Init
 .text.HAL_UART_Transmit
                0x08009f48      0x13c ./Drivers/STM32H5xx_HAL_Driver/Src/stm32h5xx_hal_uart.o
                0x08009f48                HAL_UART_Transmit
 .text.UART_SetConfig
                0x0800a084      0x2fc ./Drivers/STM32H5xx_HAL_Driver/Src/stm32h5xx_hal_uart.o
                0x0800a084                UART_SetConfig
 .text.UART_AdvFeatureConfig
                0x0800a380      0x144 ./Drivers/STM32H5xx_HAL_Driver/Src/stm32h5xx_hal_uart.o
                0x0800a380                UART_AdvFeatureConfig
 .text.UART_CheckIdleState
                0x0800a4c4      0x154 ./Drivers/STM32H5xx_HAL_Driver/Src/stm32h5xx_hal_uart.o
                0x0800a4c4                UART_CheckIdleState
 .text.UART_WaitOnFlagUntilTimeout
                0x0800a618       0xda ./Drivers/STM32H5xx_HAL_Driver/Src/stm32h5xx_hal_uart.o
                0x0800a618                UART_WaitOnFlagUntilTimeout
 .text.UART_EndRxTransfer
                0x0800a6f2       0xcc ./Drivers/STM32H5xx_HAL_Driver/Src/stm32h5xx_hal_uart.o
 .text.HAL_UARTEx_DisableFifoMode
                0x0800a7be       0x72 ./Drivers/STM32H5xx_HAL_Driver/Src/stm32h5xx_hal_uart_ex.o
                0x0800a7be                HAL_UARTEx_DisableFifoMode
 .text.HAL_UARTEx_SetTxFifoThreshold
                0x0800a830       0x7c ./Drivers/STM32H5xx_HAL_Driver/Src/stm32h5xx_hal_uart_ex.o
                0x0800a830                HAL_UARTEx_SetTxFifoThreshold
 .text.HAL_UARTEx_SetRxFifoThreshold
                0x0800a8ac       0x7c ./Drivers/STM32H5xx_HAL_Driver/Src/stm32h5xx_hal_uart_ex.o
                0x0800a8ac                HAL_UARTEx_SetRxFifoThreshold
 .text.UARTEx_SetNbDataToProcess
                0x0800a928       0x9c ./Drivers/STM32H5xx_HAL_Driver/Src/stm32h5xx_hal_uart_ex.o
 .text.__cvt    0x0800a9c4       0xca D:/STM/STM32CubeIDE_1.16.0/STM32CubeIDE/plugins/com.st.stm32cube.ide.mcu.externaltools.gnu-tools-for-stm32.12.3.rel1.win32_1.0.200.202406191623/tools/bin/../lib/gcc/arm-none-eabi/12.3.1/../../../../arm-none-eabi/lib/thumb/v8-m.main+fp/hard\libc_nano.a(libc_a-nano-vfprintf_float.o)
                0x0800a9c4                __cvt
 .text.__exponent
                0x0800aa8e       0x72 D:/STM/STM32CubeIDE_1.16.0/STM32CubeIDE/plugins/com.st.stm32cube.ide.mcu.externaltools.gnu-tools-for-stm32.12.3.rel1.win32_1.0.200.202406191623/tools/bin/../lib/gcc/arm-none-eabi/12.3.1/../../../../arm-none-eabi/lib/thumb/v8-m.main+fp/hard\libc_nano.a(libc_a-nano-vfprintf_float.o)
                0x0800aa8e                __exponent
 .text._printf_float
                0x0800ab00      0x454 D:/STM/STM32CubeIDE_1.16.0/STM32CubeIDE/plugins/com.st.stm32cube.ide.mcu.externaltools.gnu-tools-for-stm32.12.3.rel1.win32_1.0.200.202406191623/tools/bin/../lib/gcc/arm-none-eabi/12.3.1/../../../../arm-none-eabi/lib/thumb/v8-m.main+fp/hard\libc_nano.a(libc_a-nano-vfprintf_float.o)
                0x0800ab00                _printf_float
 .text._printf_common
                0x0800af54       0xe4 D:/STM/STM32CubeIDE_1.16.0/STM32CubeIDE/plugins/com.st.stm32cube.ide.mcu.externaltools.gnu-tools-for-stm32.12.3.rel1.win32_1.0.200.202406191623/tools/bin/../lib/gcc/arm-none-eabi/12.3.1/../../../../arm-none-eabi/lib/thumb/v8-m.main+fp/hard\libc_nano.a(libc_a-nano-vfprintf_i.o)
                0x0800af54                _printf_common
 .text._printf_i
                0x0800b038      0x240 D:/STM/STM32CubeIDE_1.16.0/STM32CubeIDE/plugins/com.st.stm32cube.ide.mcu.externaltools.gnu-tools-for-stm32.12.3.rel1.win32_1.0.200.202406191623/tools/bin/../lib/gcc/arm-none-eabi/12.3.1/../../../../arm-none-eabi/lib/thumb/v8-m.main+fp/hard\libc_nano.a(libc_a-nano-vfprintf_i.o)
                0x0800b038                _printf_i
 .text._scanf_float
                0x0800b278      0x424 D:/STM/STM32CubeIDE_1.16.0/STM32CubeIDE/plugins/com.st.stm32cube.ide.mcu.externaltools.gnu-tools-for-stm32.12.3.rel1.win32_1.0.200.202406191623/tools/bin/../lib/gcc/arm-none-eabi/12.3.1/../../../../arm-none-eabi/lib/thumb/v8-m.main+fp/hard\libc_nano.a(libc_a-nano-vfscanf_float.o)
                0x0800b278                _scanf_float
 .text.std      0x0800b69c       0x6c D:/STM/STM32CubeIDE_1.16.0/STM32CubeIDE/plugins/com.st.stm32cube.ide.mcu.externaltools.gnu-tools-for-stm32.12.3.rel1.win32_1.0.200.202406191623/tools/bin/../lib/gcc/arm-none-eabi/12.3.1/../../../../arm-none-eabi/lib/thumb/v8-m.main+fp/hard\libc_nano.a(libc_a-findfp.o)
 .text.stdio_exit_handler
                0x0800b708       0x18 D:/STM/STM32CubeIDE_1.16.0/STM32CubeIDE/plugins/com.st.stm32cube.ide.mcu.externaltools.gnu-tools-for-stm32.12.3.rel1.win32_1.0.200.202406191623/tools/bin/../lib/gcc/arm-none-eabi/12.3.1/../../../../arm-none-eabi/lib/thumb/v8-m.main+fp/hard\libc_nano.a(libc_a-findfp.o)
 .text.cleanup_stdio
                0x0800b720       0x40 D:/STM/STM32CubeIDE_1.16.0/STM32CubeIDE/plugins/com.st.stm32cube.ide.mcu.externaltools.gnu-tools-for-stm32.12.3.rel1.win32_1.0.200.202406191623/tools/bin/../lib/gcc/arm-none-eabi/12.3.1/../../../../arm-none-eabi/lib/thumb/v8-m.main+fp/hard\libc_nano.a(libc_a-findfp.o)
 .text.global_stdio_init.part.0
                0x0800b760       0x3c D:/STM/STM32CubeIDE_1.16.0/STM32CubeIDE/plugins/com.st.stm32cube.ide.mcu.externaltools.gnu-tools-for-stm32.12.3.rel1.win32_1.0.200.202406191623/tools/bin/../lib/gcc/arm-none-eabi/12.3.1/../../../../arm-none-eabi/lib/thumb/v8-m.main+fp/hard\libc_nano.a(libc_a-findfp.o)
 .text.__sfp_lock_acquire
                0x0800b79c        0xc D:/STM/STM32CubeIDE_1.16.0/STM32CubeIDE/plugins/com.st.stm32cube.ide.mcu.externaltools.gnu-tools-for-stm32.12.3.rel1.win32_1.0.200.202406191623/tools/bin/../lib/gcc/arm-none-eabi/12.3.1/../../../../arm-none-eabi/lib/thumb/v8-m.main+fp/hard\libc_nano.a(libc_a-findfp.o)
                0x0800b79c                __sfp_lock_acquire
 .text.__sfp_lock_release
                0x0800b7a8        0xc D:/STM/STM32CubeIDE_1.16.0/STM32CubeIDE/plugins/com.st.stm32cube.ide.mcu.externaltools.gnu-tools-for-stm32.12.3.rel1.win32_1.0.200.202406191623/tools/bin/../lib/gcc/arm-none-eabi/12.3.1/../../../../arm-none-eabi/lib/thumb/v8-m.main+fp/hard\libc_nano.a(libc_a-findfp.o)
                0x0800b7a8                __sfp_lock_release
 .text.__sinit  0x0800b7b4       0x30 D:/STM/STM32CubeIDE_1.16.0/STM32CubeIDE/plugins/com.st.stm32cube.ide.mcu.externaltools.gnu-tools-for-stm32.12.3.rel1.win32_1.0.200.202406191623/tools/bin/../lib/gcc/arm-none-eabi/12.3.1/../../../../arm-none-eabi/lib/thumb/v8-m.main+fp/hard\libc_nano.a(libc_a-findfp.o)
                0x0800b7b4                __sinit
 .text._fwalk_sglue
                0x0800b7e4       0x3c D:/STM/STM32CubeIDE_1.16.0/STM32CubeIDE/plugins/com.st.stm32cube.ide.mcu.externaltools.gnu-tools-for-stm32.12.3.rel1.win32_1.0.200.202406191623/tools/bin/../lib/gcc/arm-none-eabi/12.3.1/../../../../arm-none-eabi/lib/thumb/v8-m.main+fp/hard\libc_nano.a(libc_a-fwalk.o)
                0x0800b7e4                _fwalk_sglue
 .text.printf   0x0800b820       0x24 D:/STM/STM32CubeIDE_1.16.0/STM32CubeIDE/plugins/com.st.stm32cube.ide.mcu.externaltools.gnu-tools-for-stm32.12.3.rel1.win32_1.0.200.202406191623/tools/bin/../lib/gcc/arm-none-eabi/12.3.1/../../../../arm-none-eabi/lib/thumb/v8-m.main+fp/hard\libc_nano.a(libc_a-printf.o)
                0x0800b820                iprintf
                0x0800b820                printf
 .text.sprintf  0x0800b844       0x40 D:/STM/STM32CubeIDE_1.16.0/STM32CubeIDE/plugins/com.st.stm32cube.ide.mcu.externaltools.gnu-tools-for-stm32.12.3.rel1.win32_1.0.200.202406191623/tools/bin/../lib/gcc/arm-none-eabi/12.3.1/../../../../arm-none-eabi/lib/thumb/v8-m.main+fp/hard\libc_nano.a(libc_a-sprintf.o)
                0x0800b844                siprintf
                0x0800b844                sprintf
 .text.__sread  0x0800b884       0x22 D:/STM/STM32CubeIDE_1.16.0/STM32CubeIDE/plugins/com.st.stm32cube.ide.mcu.externaltools.gnu-tools-for-stm32.12.3.rel1.win32_1.0.200.202406191623/tools/bin/../lib/gcc/arm-none-eabi/12.3.1/../../../../arm-none-eabi/lib/thumb/v8-m.main+fp/hard\libc_nano.a(libc_a-stdio.o)
                0x0800b884                __sread
 .text.__swrite
                0x0800b8a6       0x38 D:/STM/STM32CubeIDE_1.16.0/STM32CubeIDE/plugins/com.st.stm32cube.ide.mcu.externaltools.gnu-tools-for-stm32.12.3.rel1.win32_1.0.200.202406191623/tools/bin/../lib/gcc/arm-none-eabi/12.3.1/../../../../arm-none-eabi/lib/thumb/v8-m.main+fp/hard\libc_nano.a(libc_a-stdio.o)
                0x0800b8a6                __swrite
 .text.__sseek  0x0800b8de       0x24 D:/STM/STM32CubeIDE_1.16.0/STM32CubeIDE/plugins/com.st.stm32cube.ide.mcu.externaltools.gnu-tools-for-stm32.12.3.rel1.win32_1.0.200.202406191623/tools/bin/../lib/gcc/arm-none-eabi/12.3.1/../../../../arm-none-eabi/lib/thumb/v8-m.main+fp/hard\libc_nano.a(libc_a-stdio.o)
                0x0800b8de                __sseek
 .text.__sclose
                0x0800b902        0x8 D:/STM/STM32CubeIDE_1.16.0/STM32CubeIDE/plugins/com.st.stm32cube.ide.mcu.externaltools.gnu-tools-for-stm32.12.3.rel1.win32_1.0.200.202406191623/tools/bin/../lib/gcc/arm-none-eabi/12.3.1/../../../../arm-none-eabi/lib/thumb/v8-m.main+fp/hard\libc_nano.a(libc_a-stdio.o)
                0x0800b902                __sclose
 .text.memset   0x0800b90a       0x10 D:/STM/STM32CubeIDE_1.16.0/STM32CubeIDE/plugins/com.st.stm32cube.ide.mcu.externaltools.gnu-tools-for-stm32.12.3.rel1.win32_1.0.200.202406191623/tools/bin/../lib/gcc/arm-none-eabi/12.3.1/../../../../arm-none-eabi/lib/thumb/v8-m.main+fp/hard\libc_nano.a(libc_a-memset.o)
                0x0800b90a                memset
 *fill*         0x0800b91a        0x2 
 .text._localeconv_r
                0x0800b91c        0x8 D:/STM/STM32CubeIDE_1.16.0/STM32CubeIDE/plugins/com.st.stm32cube.ide.mcu.externaltools.gnu-tools-for-stm32.12.3.rel1.win32_1.0.200.202406191623/tools/bin/../lib/gcc/arm-none-eabi/12.3.1/../../../../arm-none-eabi/lib/thumb/v8-m.main+fp/hard\libc_nano.a(libc_a-localeconv.o)
                0x0800b91c                _localeconv_r
 .text._close_r
                0x0800b924       0x20 D:/STM/STM32CubeIDE_1.16.0/STM32CubeIDE/plugins/com.st.stm32cube.ide.mcu.externaltools.gnu-tools-for-stm32.12.3.rel1.win32_1.0.200.202406191623/tools/bin/../lib/gcc/arm-none-eabi/12.3.1/../../../../arm-none-eabi/lib/thumb/v8-m.main+fp/hard\libc_nano.a(libc_a-closer.o)
                0x0800b924                _close_r
 .text._lseek_r
                0x0800b944       0x24 D:/STM/STM32CubeIDE_1.16.0/STM32CubeIDE/plugins/com.st.stm32cube.ide.mcu.externaltools.gnu-tools-for-stm32.12.3.rel1.win32_1.0.200.202406191623/tools/bin/../lib/gcc/arm-none-eabi/12.3.1/../../../../arm-none-eabi/lib/thumb/v8-m.main+fp/hard\libc_nano.a(libc_a-lseekr.o)
                0x0800b944                _lseek_r
 .text._read_r  0x0800b968       0x24 D:/STM/STM32CubeIDE_1.16.0/STM32CubeIDE/plugins/com.st.stm32cube.ide.mcu.externaltools.gnu-tools-for-stm32.12.3.rel1.win32_1.0.200.202406191623/tools/bin/../lib/gcc/arm-none-eabi/12.3.1/../../../../arm-none-eabi/lib/thumb/v8-m.main+fp/hard\libc_nano.a(libc_a-readr.o)
                0x0800b968                _read_r
 .text._write_r
                0x0800b98c       0x24 D:/STM/STM32CubeIDE_1.16.0/STM32CubeIDE/plugins/com.st.stm32cube.ide.mcu.externaltools.gnu-tools-for-stm32.12.3.rel1.win32_1.0.200.202406191623/tools/bin/../lib/gcc/arm-none-eabi/12.3.1/../../../../arm-none-eabi/lib/thumb/v8-m.main+fp/hard\libc_nano.a(libc_a-writer.o)
                0x0800b98c                _write_r
 .text.__errno  0x0800b9b0        0xc D:/STM/STM32CubeIDE_1.16.0/STM32CubeIDE/plugins/com.st.stm32cube.ide.mcu.externaltools.gnu-tools-for-stm32.12.3.rel1.win32_1.0.200.202406191623/tools/bin/../lib/gcc/arm-none-eabi/12.3.1/../../../../arm-none-eabi/lib/thumb/v8-m.main+fp/hard\libc_nano.a(libc_a-errno.o)
                0x0800b9b0                __errno
 .text.__libc_init_array
                0x0800b9bc       0x48 D:/STM/STM32CubeIDE_1.16.0/STM32CubeIDE/plugins/com.st.stm32cube.ide.mcu.externaltools.gnu-tools-for-stm32.12.3.rel1.win32_1.0.200.202406191623/tools/bin/../lib/gcc/arm-none-eabi/12.3.1/../../../../arm-none-eabi/lib/thumb/v8-m.main+fp/hard\libc_nano.a(libc_a-init.o)
                0x0800b9bc                __libc_init_array
 .text.__retarget_lock_init_recursive
                0x0800ba04        0x2 D:/STM/STM32CubeIDE_1.16.0/STM32CubeIDE/plugins/com.st.stm32cube.ide.mcu.externaltools.gnu-tools-for-stm32.12.3.rel1.win32_1.0.200.202406191623/tools/bin/../lib/gcc/arm-none-eabi/12.3.1/../../../../arm-none-eabi/lib/thumb/v8-m.main+fp/hard\libc_nano.a(libc_a-lock.o)
                0x0800ba04                __retarget_lock_init_recursive
 .text.__retarget_lock_acquire_recursive
                0x0800ba06        0x2 D:/STM/STM32CubeIDE_1.16.0/STM32CubeIDE/plugins/com.st.stm32cube.ide.mcu.externaltools.gnu-tools-for-stm32.12.3.rel1.win32_1.0.200.202406191623/tools/bin/../lib/gcc/arm-none-eabi/12.3.1/../../../../arm-none-eabi/lib/thumb/v8-m.main+fp/hard\libc_nano.a(libc_a-lock.o)
                0x0800ba06                __retarget_lock_acquire_recursive
 .text.__retarget_lock_release_recursive
                0x0800ba08        0x2 D:/STM/STM32CubeIDE_1.16.0/STM32CubeIDE/plugins/com.st.stm32cube.ide.mcu.externaltools.gnu-tools-for-stm32.12.3.rel1.win32_1.0.200.202406191623/tools/bin/../lib/gcc/arm-none-eabi/12.3.1/../../../../arm-none-eabi/lib/thumb/v8-m.main+fp/hard\libc_nano.a(libc_a-lock.o)
                0x0800ba08                __retarget_lock_release_recursive
 .text.memchr   0x0800ba0a       0x1c D:/STM/STM32CubeIDE_1.16.0/STM32CubeIDE/plugins/com.st.stm32cube.ide.mcu.externaltools.gnu-tools-for-stm32.12.3.rel1.win32_1.0.200.202406191623/tools/bin/../lib/gcc/arm-none-eabi/12.3.1/../../../../arm-none-eabi/lib/thumb/v8-m.main+fp/hard\libc_nano.a(libc_a-memchr-stub.o)
                0x0800ba0a                memchr
 *fill*         0x0800ba26        0x2 
 .text.nanf     0x0800ba28        0xc D:/STM/STM32CubeIDE_1.16.0/STM32CubeIDE/plugins/com.st.stm32cube.ide.mcu.externaltools.gnu-tools-for-stm32.12.3.rel1.win32_1.0.200.202406191623/tools/bin/../lib/gcc/arm-none-eabi/12.3.1/../../../../arm-none-eabi/lib/thumb/v8-m.main+fp/hard\libc_nano.a(libm_a-sf_nan.o)
                0x0800ba28                nanf
 .text.quorem   0x0800ba34      0x11a D:/STM/STM32CubeIDE_1.16.0/STM32CubeIDE/plugins/com.st.stm32cube.ide.mcu.externaltools.gnu-tools-for-stm32.12.3.rel1.win32_1.0.200.202406191623/tools/bin/../lib/gcc/arm-none-eabi/12.3.1/../../../../arm-none-eabi/lib/thumb/v8-m.main+fp/hard\libc_nano.a(libc_a-dtoa.o)
 *fill*         0x0800bb4e        0x2 
 .text._dtoa_r  0x0800bb50      0xb88 D:/STM/STM32CubeIDE_1.16.0/STM32CubeIDE/plugins/com.st.stm32cube.ide.mcu.externaltools.gnu-tools-for-stm32.12.3.rel1.win32_1.0.200.202406191623/tools/bin/../lib/gcc/arm-none-eabi/12.3.1/../../../../arm-none-eabi/lib/thumb/v8-m.main+fp/hard\libc_nano.a(libc_a-dtoa.o)
                0x0800bb50                _dtoa_r
 .text._free_r  0x0800c6d8       0x94 D:/STM/STM32CubeIDE_1.16.0/STM32CubeIDE/plugins/com.st.stm32cube.ide.mcu.externaltools.gnu-tools-for-stm32.12.3.rel1.win32_1.0.200.202406191623/tools/bin/../lib/gcc/arm-none-eabi/12.3.1/../../../../arm-none-eabi/lib/thumb/v8-m.main+fp/hard\libc_nano.a(libc_a-freer.o)
                0x0800c6d8                _free_r
 .text.malloc   0x0800c76c       0x10 D:/STM/STM32CubeIDE_1.16.0/STM32CubeIDE/plugins/com.st.stm32cube.ide.mcu.externaltools.gnu-tools-for-stm32.12.3.rel1.win32_1.0.200.202406191623/tools/bin/../lib/gcc/arm-none-eabi/12.3.1/../../../../arm-none-eabi/lib/thumb/v8-m.main+fp/hard\libc_nano.a(libc_a-malloc.o)
                0x0800c76c                malloc
 .text.sbrk_aligned
                0x0800c77c       0x44 D:/STM/STM32CubeIDE_1.16.0/STM32CubeIDE/plugins/com.st.stm32cube.ide.mcu.externaltools.gnu-tools-for-stm32.12.3.rel1.win32_1.0.200.202406191623/tools/bin/../lib/gcc/arm-none-eabi/12.3.1/../../../../arm-none-eabi/lib/thumb/v8-m.main+fp/hard\libc_nano.a(libc_a-mallocr.o)
 .text._malloc_r
                0x0800c7c0      0x100 D:/STM/STM32CubeIDE_1.16.0/STM32CubeIDE/plugins/com.st.stm32cube.ide.mcu.externaltools.gnu-tools-for-stm32.12.3.rel1.win32_1.0.200.202406191623/tools/bin/../lib/gcc/arm-none-eabi/12.3.1/../../../../arm-none-eabi/lib/thumb/v8-m.main+fp/hard\libc_nano.a(libc_a-mallocr.o)
                0x0800c7c0                _malloc_r
 .text.__malloc_lock
                0x0800c8c0        0xc D:/STM/STM32CubeIDE_1.16.0/STM32CubeIDE/plugins/com.st.stm32cube.ide.mcu.externaltools.gnu-tools-for-stm32.12.3.rel1.win32_1.0.200.202406191623/tools/bin/../lib/gcc/arm-none-eabi/12.3.1/../../../../arm-none-eabi/lib/thumb/v8-m.main+fp/hard\libc_nano.a(libc_a-mlock.o)
                0x0800c8c0                __malloc_lock
 .text.__malloc_unlock
                0x0800c8cc        0xc D:/STM/STM32CubeIDE_1.16.0/STM32CubeIDE/plugins/com.st.stm32cube.ide.mcu.externaltools.gnu-tools-for-stm32.12.3.rel1.win32_1.0.200.202406191623/tools/bin/../lib/gcc/arm-none-eabi/12.3.1/../../../../arm-none-eabi/lib/thumb/v8-m.main+fp/hard\libc_nano.a(libc_a-mlock.o)
                0x0800c8cc                __malloc_unlock
 .text._Balloc  0x0800c8d8       0x80 D:/STM/STM32CubeIDE_1.16.0/STM32CubeIDE/plugins/com.st.stm32cube.ide.mcu.externaltools.gnu-tools-for-stm32.12.3.rel1.win32_1.0.200.202406191623/tools/bin/../lib/gcc/arm-none-eabi/12.3.1/../../../../arm-none-eabi/lib/thumb/v8-m.main+fp/hard\libc_nano.a(libc_a-mprec.o)
                0x0800c8d8                _Balloc
 .text._Bfree   0x0800c958       0x44 D:/STM/STM32CubeIDE_1.16.0/STM32CubeIDE/plugins/com.st.stm32cube.ide.mcu.externaltools.gnu-tools-for-stm32.12.3.rel1.win32_1.0.200.202406191623/tools/bin/../lib/gcc/arm-none-eabi/12.3.1/../../../../arm-none-eabi/lib/thumb/v8-m.main+fp/hard\libc_nano.a(libc_a-mprec.o)
                0x0800c958                _Bfree
 .text.__multadd
                0x0800c99c       0x90 D:/STM/STM32CubeIDE_1.16.0/STM32CubeIDE/plugins/com.st.stm32cube.ide.mcu.externaltools.gnu-tools-for-stm32.12.3.rel1.win32_1.0.200.202406191623/tools/bin/../lib/gcc/arm-none-eabi/12.3.1/../../../../arm-none-eabi/lib/thumb/v8-m.main+fp/hard\libc_nano.a(libc_a-mprec.o)
                0x0800c99c                __multadd
 .text.__s2b    0x0800ca2c       0x94 D:/STM/STM32CubeIDE_1.16.0/STM32CubeIDE/plugins/com.st.stm32cube.ide.mcu.externaltools.gnu-tools-for-stm32.12.3.rel1.win32_1.0.200.202406191623/tools/bin/../lib/gcc/arm-none-eabi/12.3.1/../../../../arm-none-eabi/lib/thumb/v8-m.main+fp/hard\libc_nano.a(libc_a-mprec.o)
                0x0800ca2c                __s2b
 .text.__hi0bits
                0x0800cac0       0x3e D:/STM/STM32CubeIDE_1.16.0/STM32CubeIDE/plugins/com.st.stm32cube.ide.mcu.externaltools.gnu-tools-for-stm32.12.3.rel1.win32_1.0.200.202406191623/tools/bin/../lib/gcc/arm-none-eabi/12.3.1/../../../../arm-none-eabi/lib/thumb/v8-m.main+fp/hard\libc_nano.a(libc_a-mprec.o)
                0x0800cac0                __hi0bits
 .text.__lo0bits
                0x0800cafe       0x5a D:/STM/STM32CubeIDE_1.16.0/STM32CubeIDE/plugins/com.st.stm32cube.ide.mcu.externaltools.gnu-tools-for-stm32.12.3.rel1.win32_1.0.200.202406191623/tools/bin/../lib/gcc/arm-none-eabi/12.3.1/../../../../arm-none-eabi/lib/thumb/v8-m.main+fp/hard\libc_nano.a(libc_a-mprec.o)
                0x0800cafe                __lo0bits
 .text.__i2b    0x0800cb58       0x2c D:/STM/STM32CubeIDE_1.16.0/STM32CubeIDE/plugins/com.st.stm32cube.ide.mcu.externaltools.gnu-tools-for-stm32.12.3.rel1.win32_1.0.200.202406191623/tools/bin/../lib/gcc/arm-none-eabi/12.3.1/../../../../arm-none-eabi/lib/thumb/v8-m.main+fp/hard\libc_nano.a(libc_a-mprec.o)
                0x0800cb58                __i2b
 .text.__multiply
                0x0800cb84      0x154 D:/STM/STM32CubeIDE_1.16.0/STM32CubeIDE/plugins/com.st.stm32cube.ide.mcu.externaltools.gnu-tools-for-stm32.12.3.rel1.win32_1.0.200.202406191623/tools/bin/../lib/gcc/arm-none-eabi/12.3.1/../../../../arm-none-eabi/lib/thumb/v8-m.main+fp/hard\libc_nano.a(libc_a-mprec.o)
                0x0800cb84                __multiply
 .text.__pow5mult
                0x0800ccd8       0xb4 D:/STM/STM32CubeIDE_1.16.0/STM32CubeIDE/plugins/com.st.stm32cube.ide.mcu.externaltools.gnu-tools-for-stm32.12.3.rel1.win32_1.0.200.202406191623/tools/bin/../lib/gcc/arm-none-eabi/12.3.1/../../../../arm-none-eabi/lib/thumb/v8-m.main+fp/hard\libc_nano.a(libc_a-mprec.o)
                0x0800ccd8                __pow5mult
 .text.__lshift
                0x0800cd8c       0xd8 D:/STM/STM32CubeIDE_1.16.0/STM32CubeIDE/plugins/com.st.stm32cube.ide.mcu.externaltools.gnu-tools-for-stm32.12.3.rel1.win32_1.0.200.202406191623/tools/bin/../lib/gcc/arm-none-eabi/12.3.1/../../../../arm-none-eabi/lib/thumb/v8-m.main+fp/hard\libc_nano.a(libc_a-mprec.o)
                0x0800cd8c                __lshift
 .text.__mcmp   0x0800ce64       0x36 D:/STM/STM32CubeIDE_1.16.0/STM32CubeIDE/plugins/com.st.stm32cube.ide.mcu.externaltools.gnu-tools-for-stm32.12.3.rel1.win32_1.0.200.202406191623/tools/bin/../lib/gcc/arm-none-eabi/12.3.1/../../../../arm-none-eabi/lib/thumb/v8-m.main+fp/hard\libc_nano.a(libc_a-mprec.o)
                0x0800ce64                __mcmp
 *fill*         0x0800ce9a        0x2 
 .text.__mdiff  0x0800ce9c      0x130 D:/STM/STM32CubeIDE_1.16.0/STM32CubeIDE/plugins/com.st.stm32cube.ide.mcu.externaltools.gnu-tools-for-stm32.12.3.rel1.win32_1.0.200.202406191623/tools/bin/../lib/gcc/arm-none-eabi/12.3.1/../../../../arm-none-eabi/lib/thumb/v8-m.main+fp/hard\libc_nano.a(libc_a-mprec.o)
                0x0800ce9c                __mdiff
 .text.__ulp    0x0800cfcc       0x4c D:/STM/STM32CubeIDE_1.16.0/STM32CubeIDE/plugins/com.st.stm32cube.ide.mcu.externaltools.gnu-tools-for-stm32.12.3.rel1.win32_1.0.200.202406191623/tools/bin/../lib/gcc/arm-none-eabi/12.3.1/../../../../arm-none-eabi/lib/thumb/v8-m.main+fp/hard\libc_nano.a(libc_a-mprec.o)
                0x0800cfcc                __ulp
 .text.__b2d    0x0800d018       0x9c D:/STM/STM32CubeIDE_1.16.0/STM32CubeIDE/plugins/com.st.stm32cube.ide.mcu.externaltools.gnu-tools-for-stm32.12.3.rel1.win32_1.0.200.202406191623/tools/bin/../lib/gcc/arm-none-eabi/12.3.1/../../../../arm-none-eabi/lib/thumb/v8-m.main+fp/hard\libc_nano.a(libc_a-mprec.o)
                0x0800d018                __b2d
 .text.__d2b    0x0800d0b4       0xb0 D:/STM/STM32CubeIDE_1.16.0/STM32CubeIDE/plugins/com.st.stm32cube.ide.mcu.externaltools.gnu-tools-for-stm32.12.3.rel1.win32_1.0.200.202406191623/tools/bin/../lib/gcc/arm-none-eabi/12.3.1/../../../../arm-none-eabi/lib/thumb/v8-m.main+fp/hard\libc_nano.a(libc_a-mprec.o)
                0x0800d0b4                __d2b
 .text.__ratio  0x0800d164       0x64 D:/STM/STM32CubeIDE_1.16.0/STM32CubeIDE/plugins/com.st.stm32cube.ide.mcu.externaltools.gnu-tools-for-stm32.12.3.rel1.win32_1.0.200.202406191623/tools/bin/../lib/gcc/arm-none-eabi/12.3.1/../../../../arm-none-eabi/lib/thumb/v8-m.main+fp/hard\libc_nano.a(libc_a-mprec.o)
                0x0800d164                __ratio
 .text.__copybits
                0x0800d1c8       0x46 D:/STM/STM32CubeIDE_1.16.0/STM32CubeIDE/plugins/com.st.stm32cube.ide.mcu.externaltools.gnu-tools-for-stm32.12.3.rel1.win32_1.0.200.202406191623/tools/bin/../lib/gcc/arm-none-eabi/12.3.1/../../../../arm-none-eabi/lib/thumb/v8-m.main+fp/hard\libc_nano.a(libc_a-mprec.o)
                0x0800d1c8                __copybits
 .text.__any_on
                0x0800d20e       0x42 D:/STM/STM32CubeIDE_1.16.0/STM32CubeIDE/plugins/com.st.stm32cube.ide.mcu.externaltools.gnu-tools-for-stm32.12.3.rel1.win32_1.0.200.202406191623/tools/bin/../lib/gcc/arm-none-eabi/12.3.1/../../../../arm-none-eabi/lib/thumb/v8-m.main+fp/hard\libc_nano.a(libc_a-mprec.o)
                0x0800d20e                __any_on
 .text.sulp     0x0800d250       0x3c D:/STM/STM32CubeIDE_1.16.0/STM32CubeIDE/plugins/com.st.stm32cube.ide.mcu.externaltools.gnu-tools-for-stm32.12.3.rel1.win32_1.0.200.202406191623/tools/bin/../lib/gcc/arm-none-eabi/12.3.1/../../../../arm-none-eabi/lib/thumb/v8-m.main+fp/hard\libc_nano.a(libc_a-strtod.o)
 *fill*         0x0800d28c        0x4 
 .text._strtod_l
                0x0800d290      0xbc8 D:/STM/STM32CubeIDE_1.16.0/STM32CubeIDE/plugins/com.st.stm32cube.ide.mcu.externaltools.gnu-tools-for-stm32.12.3.rel1.win32_1.0.200.202406191623/tools/bin/../lib/gcc/arm-none-eabi/12.3.1/../../../../arm-none-eabi/lib/thumb/v8-m.main+fp/hard\libc_nano.a(libc_a-strtod.o)
                0x0800d290                _strtod_l
 .text._strtod_r
                0x0800de58        0xc D:/STM/STM32CubeIDE_1.16.0/STM32CubeIDE/plugins/com.st.stm32cube.ide.mcu.externaltools.gnu-tools-for-stm32.12.3.rel1.win32_1.0.200.202406191623/tools/bin/../lib/gcc/arm-none-eabi/12.3.1/../../../../arm-none-eabi/lib/thumb/v8-m.main+fp/hard\libc_nano.a(libc_a-strtod.o)
                0x0800de58                _strtod_r
 .text._strtol_l.constprop.0
                0x0800de64       0xf4 D:/STM/STM32CubeIDE_1.16.0/STM32CubeIDE/plugins/com.st.stm32cube.ide.mcu.externaltools.gnu-tools-for-stm32.12.3.rel1.win32_1.0.200.202406191623/tools/bin/../lib/gcc/arm-none-eabi/12.3.1/../../../../arm-none-eabi/lib/thumb/v8-m.main+fp/hard\libc_nano.a(libc_a-strtol.o)
 .text._strtol_r
                0x0800df58        0x4 D:/STM/STM32CubeIDE_1.16.0/STM32CubeIDE/plugins/com.st.stm32cube.ide.mcu.externaltools.gnu-tools-for-stm32.12.3.rel1.win32_1.0.200.202406191623/tools/bin/../lib/gcc/arm-none-eabi/12.3.1/../../../../arm-none-eabi/lib/thumb/v8-m.main+fp/hard\libc_nano.a(libc_a-strtol.o)
                0x0800df58                _strtol_r
 .text.__ssputs_r
                0x0800df5c       0xb6 D:/STM/STM32CubeIDE_1.16.0/STM32CubeIDE/plugins/com.st.stm32cube.ide.mcu.externaltools.gnu-tools-for-stm32.12.3.rel1.win32_1.0.200.202406191623/tools/bin/../lib/gcc/arm-none-eabi/12.3.1/../../../../arm-none-eabi/lib/thumb/v8-m.main+fp/hard\libc_nano.a(libc_a-nano-svfprintf.o)
                0x0800df5c                __ssputs_r
 *fill*         0x0800e012        0x2 
 .text._svfprintf_r
                0x0800e014      0x1f8 D:/STM/STM32CubeIDE_1.16.0/STM32CubeIDE/plugins/com.st.stm32cube.ide.mcu.externaltools.gnu-tools-for-stm32.12.3.rel1.win32_1.0.200.202406191623/tools/bin/../lib/gcc/arm-none-eabi/12.3.1/../../../../arm-none-eabi/lib/thumb/v8-m.main+fp/hard\libc_nano.a(libc_a-nano-svfprintf.o)
                0x0800e014                _svfiprintf_r
                0x0800e014                _svfprintf_r
 .text.__sfputc_r
                0x0800e20c       0x2e D:/STM/STM32CubeIDE_1.16.0/STM32CubeIDE/plugins/com.st.stm32cube.ide.mcu.externaltools.gnu-tools-for-stm32.12.3.rel1.win32_1.0.200.202406191623/tools/bin/../lib/gcc/arm-none-eabi/12.3.1/../../../../arm-none-eabi/lib/thumb/v8-m.main+fp/hard\libc_nano.a(libc_a-nano-vfprintf.o)
 .text.__sfputs_r
                0x0800e23a       0x24 D:/STM/STM32CubeIDE_1.16.0/STM32CubeIDE/plugins/com.st.stm32cube.ide.mcu.externaltools.gnu-tools-for-stm32.12.3.rel1.win32_1.0.200.202406191623/tools/bin/../lib/gcc/arm-none-eabi/12.3.1/../../../../arm-none-eabi/lib/thumb/v8-m.main+fp/hard\libc_nano.a(libc_a-nano-vfprintf.o)
                0x0800e23a                __sfputs_r
 *fill*         0x0800e25e        0x2 
 .text._vfprintf_r
                0x0800e260      0x230 D:/STM/STM32CubeIDE_1.16.0/STM32CubeIDE/plugins/com.st.stm32cube.ide.mcu.externaltools.gnu-tools-for-stm32.12.3.rel1.win32_1.0.200.202406191623/tools/bin/../lib/gcc/arm-none-eabi/12.3.1/../../../../arm-none-eabi/lib/thumb/v8-m.main+fp/hard\libc_nano.a(libc_a-nano-vfprintf.o)
                0x0800e260                _vfprintf_r
                0x0800e260                _vfiprintf_r
 .text.__sflush_r
                0x0800e490      0x108 D:/STM/STM32CubeIDE_1.16.0/STM32CubeIDE/plugins/com.st.stm32cube.ide.mcu.externaltools.gnu-tools-for-stm32.12.3.rel1.win32_1.0.200.202406191623/tools/bin/../lib/gcc/arm-none-eabi/12.3.1/../../../../arm-none-eabi/lib/thumb/v8-m.main+fp/hard\libc_nano.a(libc_a-fflush.o)
                0x0800e490                __sflush_r
 .text._fflush_r
                0x0800e598       0x50 D:/STM/STM32CubeIDE_1.16.0/STM32CubeIDE/plugins/com.st.stm32cube.ide.mcu.externaltools.gnu-tools-for-stm32.12.3.rel1.win32_1.0.200.202406191623/tools/bin/../lib/gcc/arm-none-eabi/12.3.1/../../../../arm-none-eabi/lib/thumb/v8-m.main+fp/hard\libc_nano.a(libc_a-fflush.o)
                0x0800e598                _fflush_r
 .text.__swbuf_r
                0x0800e5e8       0x7c D:/STM/STM32CubeIDE_1.16.0/STM32CubeIDE/plugins/com.st.stm32cube.ide.mcu.externaltools.gnu-tools-for-stm32.12.3.rel1.win32_1.0.200.202406191623/tools/bin/../lib/gcc/arm-none-eabi/12.3.1/../../../../arm-none-eabi/lib/thumb/v8-m.main+fp/hard\libc_nano.a(libc_a-wbuf.o)
                0x0800e5e8                __swbuf_r
 .text.__swsetup_r
                0x0800e664       0xac D:/STM/STM32CubeIDE_1.16.0/STM32CubeIDE/plugins/com.st.stm32cube.ide.mcu.externaltools.gnu-tools-for-stm32.12.3.rel1.win32_1.0.200.202406191623/tools/bin/../lib/gcc/arm-none-eabi/12.3.1/../../../../arm-none-eabi/lib/thumb/v8-m.main+fp/hard\libc_nano.a(libc_a-wsetup.o)
                0x0800e664                __swsetup_r
 .text.memmove  0x0800e710       0x34 D:/STM/STM32CubeIDE_1.16.0/STM32CubeIDE/plugins/com.st.stm32cube.ide.mcu.externaltools.gnu-tools-for-stm32.12.3.rel1.win32_1.0.200.202406191623/tools/bin/../lib/gcc/arm-none-eabi/12.3.1/../../../../arm-none-eabi/lib/thumb/v8-m.main+fp/hard\libc_nano.a(libc_a-memmove.o)
                0x0800e710                memmove
 .text.strncmp  0x0800e744       0x24 D:/STM/STM32CubeIDE_1.16.0/STM32CubeIDE/plugins/com.st.stm32cube.ide.mcu.externaltools.gnu-tools-for-stm32.12.3.rel1.win32_1.0.200.202406191623/tools/bin/../lib/gcc/arm-none-eabi/12.3.1/../../../../arm-none-eabi/lib/thumb/v8-m.main+fp/hard\libc_nano.a(libc_a-strncmp.o)
                0x0800e744                strncmp
 .text._sbrk_r  0x0800e768       0x20 D:/STM/STM32CubeIDE_1.16.0/STM32CubeIDE/plugins/com.st.stm32cube.ide.mcu.externaltools.gnu-tools-for-stm32.12.3.rel1.win32_1.0.200.202406191623/tools/bin/../lib/gcc/arm-none-eabi/12.3.1/../../../../arm-none-eabi/lib/thumb/v8-m.main+fp/hard\libc_nano.a(libc_a-sbrkr.o)
                0x0800e768                _sbrk_r
 .text.memcpy   0x0800e788       0x1a D:/STM/STM32CubeIDE_1.16.0/STM32CubeIDE/plugins/com.st.stm32cube.ide.mcu.externaltools.gnu-tools-for-stm32.12.3.rel1.win32_1.0.200.202406191623/tools/bin/../lib/gcc/arm-none-eabi/12.3.1/../../../../arm-none-eabi/lib/thumb/v8-m.main+fp/hard\libc_nano.a(libc_a-memcpy-stub.o)
                0x0800e788                memcpy
 *fill*         0x0800e7a2        0x6 
 .text.nan      0x0800e7a8       0x10 D:/STM/STM32CubeIDE_1.16.0/STM32CubeIDE/plugins/com.st.stm32cube.ide.mcu.externaltools.gnu-tools-for-stm32.12.3.rel1.win32_1.0.200.202406191623/tools/bin/../lib/gcc/arm-none-eabi/12.3.1/../../../../arm-none-eabi/lib/thumb/v8-m.main+fp/hard\libc_nano.a(libm_a-s_nan.o)
                0x0800e7a8                nan
 .text.__assert_func
                0x0800e7b8       0x3c D:/STM/STM32CubeIDE_1.16.0/STM32CubeIDE/plugins/com.st.stm32cube.ide.mcu.externaltools.gnu-tools-for-stm32.12.3.rel1.win32_1.0.200.202406191623/tools/bin/../lib/gcc/arm-none-eabi/12.3.1/../../../../arm-none-eabi/lib/thumb/v8-m.main+fp/hard\libc_nano.a(libc_a-assert.o)
                0x0800e7b8                __assert_func
 .text._calloc_r
                0x0800e7f4       0x28 D:/STM/STM32CubeIDE_1.16.0/STM32CubeIDE/plugins/com.st.stm32cube.ide.mcu.externaltools.gnu-tools-for-stm32.12.3.rel1.win32_1.0.200.202406191623/tools/bin/../lib/gcc/arm-none-eabi/12.3.1/../../../../arm-none-eabi/lib/thumb/v8-m.main+fp/hard\libc_nano.a(libc_a-callocr.o)
                0x0800e7f4                _calloc_r
 .text.rshift   0x0800e81c       0xa2 D:/STM/STM32CubeIDE_1.16.0/STM32CubeIDE/plugins/com.st.stm32cube.ide.mcu.externaltools.gnu-tools-for-stm32.12.3.rel1.win32_1.0.200.202406191623/tools/bin/../lib/gcc/arm-none-eabi/12.3.1/../../../../arm-none-eabi/lib/thumb/v8-m.main+fp/hard\libc_nano.a(libc_a-gdtoa-gethex.o)
 .text.__hexdig_fun
                0x0800e8be       0x2a D:/STM/STM32CubeIDE_1.16.0/STM32CubeIDE/plugins/com.st.stm32cube.ide.mcu.externaltools.gnu-tools-for-stm32.12.3.rel1.win32_1.0.200.202406191623/tools/bin/../lib/gcc/arm-none-eabi/12.3.1/../../../../arm-none-eabi/lib/thumb/v8-m.main+fp/hard\libc_nano.a(libc_a-gdtoa-gethex.o)
                0x0800e8be                __hexdig_fun
 .text.__gethex
                0x0800e8e8      0x41c D:/STM/STM32CubeIDE_1.16.0/STM32CubeIDE/plugins/com.st.stm32cube.ide.mcu.externaltools.gnu-tools-for-stm32.12.3.rel1.win32_1.0.200.202406191623/tools/bin/../lib/gcc/arm-none-eabi/12.3.1/../../../../arm-none-eabi/lib/thumb/v8-m.main+fp/hard\libc_nano.a(libc_a-gdtoa-gethex.o)
                0x0800e8e8                __gethex
 .text.L_shift  0x0800ed04       0x24 D:/STM/STM32CubeIDE_1.16.0/STM32CubeIDE/plugins/com.st.stm32cube.ide.mcu.externaltools.gnu-tools-for-stm32.12.3.rel1.win32_1.0.200.202406191623/tools/bin/../lib/gcc/arm-none-eabi/12.3.1/../../../../arm-none-eabi/lib/thumb/v8-m.main+fp/hard\libc_nano.a(libc_a-gdtoa-hexnan.o)
 .text.__match  0x0800ed28       0x28 D:/STM/STM32CubeIDE_1.16.0/STM32CubeIDE/plugins/com.st.stm32cube.ide.mcu.externaltools.gnu-tools-for-stm32.12.3.rel1.win32_1.0.200.202406191623/tools/bin/../lib/gcc/arm-none-eabi/12.3.1/../../../../arm-none-eabi/lib/thumb/v8-m.main+fp/hard\libc_nano.a(libc_a-gdtoa-hexnan.o)
                0x0800ed28                __match
 .text.__hexnan
                0x0800ed50      0x136 D:/STM/STM32CubeIDE_1.16.0/STM32CubeIDE/plugins/com.st.stm32cube.ide.mcu.externaltools.gnu-tools-for-stm32.12.3.rel1.win32_1.0.200.202406191623/tools/bin/../lib/gcc/arm-none-eabi/12.3.1/../../../../arm-none-eabi/lib/thumb/v8-m.main+fp/hard\libc_nano.a(libc_a-gdtoa-hexnan.o)
                0x0800ed50                __hexnan
 .text.__ascii_mbtowc
                0x0800ee86       0x24 D:/STM/STM32CubeIDE_1.16.0/STM32CubeIDE/plugins/com.st.stm32cube.ide.mcu.externaltools.gnu-tools-for-stm32.12.3.rel1.win32_1.0.200.202406191623/tools/bin/../lib/gcc/arm-none-eabi/12.3.1/../../../../arm-none-eabi/lib/thumb/v8-m.main+fp/hard\libc_nano.a(libc_a-mbtowc_r.o)
                0x0800ee86                __ascii_mbtowc
 .text._realloc_r
                0x0800eeaa       0x5c D:/STM/STM32CubeIDE_1.16.0/STM32CubeIDE/plugins/com.st.stm32cube.ide.mcu.externaltools.gnu-tools-for-stm32.12.3.rel1.win32_1.0.200.202406191623/tools/bin/../lib/gcc/arm-none-eabi/12.3.1/../../../../arm-none-eabi/lib/thumb/v8-m.main+fp/hard\libc_nano.a(libc_a-reallocr.o)
                0x0800eeaa                _realloc_r
 .text.__ascii_wctomb
                0x0800ef06       0x1a D:/STM/STM32CubeIDE_1.16.0/STM32CubeIDE/plugins/com.st.stm32cube.ide.mcu.externaltools.gnu-tools-for-stm32.12.3.rel1.win32_1.0.200.202406191623/tools/bin/../lib/gcc/arm-none-eabi/12.3.1/../../../../arm-none-eabi/lib/thumb/v8-m.main+fp/hard\libc_nano.a(libc_a-wctomb_r.o)
                0x0800ef06                __ascii_wctomb
 .text.fprintf  0x0800ef20       0x24 D:/STM/STM32CubeIDE_1.16.0/STM32CubeIDE/plugins/com.st.stm32cube.ide.mcu.externaltools.gnu-tools-for-stm32.12.3.rel1.win32_1.0.200.202406191623/tools/bin/../lib/gcc/arm-none-eabi/12.3.1/../../../../arm-none-eabi/lib/thumb/v8-m.main+fp/hard\libc_nano.a(libc_a-fprintf.o)
                0x0800ef20                fiprintf
                0x0800ef20                fprintf
 .text.__swhatbuf_r
                0x0800ef44       0x4a D:/STM/STM32CubeIDE_1.16.0/STM32CubeIDE/plugins/com.st.stm32cube.ide.mcu.externaltools.gnu-tools-for-stm32.12.3.rel1.win32_1.0.200.202406191623/tools/bin/../lib/gcc/arm-none-eabi/12.3.1/../../../../arm-none-eabi/lib/thumb/v8-m.main+fp/hard\libc_nano.a(libc_a-makebuf.o)
                0x0800ef44                __swhatbuf_r
 .text.__smakebuf_r
                0x0800ef8e       0x78 D:/STM/STM32CubeIDE_1.16.0/STM32CubeIDE/plugins/com.st.stm32cube.ide.mcu.externaltools.gnu-tools-for-stm32.12.3.rel1.win32_1.0.200.202406191623/tools/bin/../lib/gcc/arm-none-eabi/12.3.1/../../../../arm-none-eabi/lib/thumb/v8-m.main+fp/hard\libc_nano.a(libc_a-makebuf.o)
                0x0800ef8e                __smakebuf_r
 *fill*         0x0800f006        0x2 
 .text._fstat_r
                0x0800f008       0x24 D:/STM/STM32CubeIDE_1.16.0/STM32CubeIDE/plugins/com.st.stm32cube.ide.mcu.externaltools.gnu-tools-for-stm32.12.3.rel1.win32_1.0.200.202406191623/tools/bin/../lib/gcc/arm-none-eabi/12.3.1/../../../../arm-none-eabi/lib/thumb/v8-m.main+fp/hard\libc_nano.a(libc_a-fstatr.o)
                0x0800f008                _fstat_r
 .text._isatty_r
                0x0800f02c       0x20 D:/STM/STM32CubeIDE_1.16.0/STM32CubeIDE/plugins/com.st.stm32cube.ide.mcu.externaltools.gnu-tools-for-stm32.12.3.rel1.win32_1.0.200.202406191623/tools/bin/../lib/gcc/arm-none-eabi/12.3.1/../../../../arm-none-eabi/lib/thumb/v8-m.main+fp/hard\libc_nano.a(libc_a-isattyr.o)
                0x0800f02c                _isatty_r
 .text.abort    0x0800f04c        0xe D:/STM/STM32CubeIDE_1.16.0/STM32CubeIDE/plugins/com.st.stm32cube.ide.mcu.externaltools.gnu-tools-for-stm32.12.3.rel1.win32_1.0.200.202406191623/tools/bin/../lib/gcc/arm-none-eabi/12.3.1/../../../../arm-none-eabi/lib/thumb/v8-m.main+fp/hard\libc_nano.a(libc_a-abort.o)
                0x0800f04c                abort
 .text._malloc_usable_size_r
                0x0800f05a       0x10 D:/STM/STM32CubeIDE_1.16.0/STM32CubeIDE/plugins/com.st.stm32cube.ide.mcu.externaltools.gnu-tools-for-stm32.12.3.rel1.win32_1.0.200.202406191623/tools/bin/../lib/gcc/arm-none-eabi/12.3.1/../../../../arm-none-eabi/lib/thumb/v8-m.main+fp/hard\libc_nano.a(libc_a-msizer.o)
                0x0800f05a                _malloc_usable_size_r
 .text._raise_r
                0x0800f06a       0x50 D:/STM/STM32CubeIDE_1.16.0/STM32CubeIDE/plugins/com.st.stm32cube.ide.mcu.externaltools.gnu-tools-for-stm32.12.3.rel1.win32_1.0.200.202406191623/tools/bin/../lib/gcc/arm-none-eabi/12.3.1/../../../../arm-none-eabi/lib/thumb/v8-m.main+fp/hard\libc_nano.a(libc_a-signal.o)
                0x0800f06a                _raise_r
 *fill*         0x0800f0ba        0x2 
 .text.raise    0x0800f0bc       0x10 D:/STM/STM32CubeIDE_1.16.0/STM32CubeIDE/plugins/com.st.stm32cube.ide.mcu.externaltools.gnu-tools-for-stm32.12.3.rel1.win32_1.0.200.202406191623/tools/bin/../lib/gcc/arm-none-eabi/12.3.1/../../../../arm-none-eabi/lib/thumb/v8-m.main+fp/hard\libc_nano.a(libc_a-signal.o)
                0x0800f0bc                raise
 .text._kill_r  0x0800f0cc       0x24 D:/STM/STM32CubeIDE_1.16.0/STM32CubeIDE/plugins/com.st.stm32cube.ide.mcu.externaltools.gnu-tools-for-stm32.12.3.rel1.win32_1.0.200.202406191623/tools/bin/../lib/gcc/arm-none-eabi/12.3.1/../../../../arm-none-eabi/lib/thumb/v8-m.main+fp/hard\libc_nano.a(libc_a-signalr.o)
                0x0800f0cc                _kill_r
 .text._getpid_r
                0x0800f0f0        0x4 D:/STM/STM32CubeIDE_1.16.0/STM32CubeIDE/plugins/com.st.stm32cube.ide.mcu.externaltools.gnu-tools-for-stm32.12.3.rel1.win32_1.0.200.202406191623/tools/bin/../lib/gcc/arm-none-eabi/12.3.1/../../../../arm-none-eabi/lib/thumb/v8-m.main+fp/hard\libc_nano.a(libc_a-signalr.o)
                0x0800f0f0                _getpid_r
 *(.glue_7)
 .glue_7        0x0800f0f4        0x0 linker stubs
 *(.glue_7t)
 .glue_7t       0x0800f0f4        0x0 linker stubs
 *(.eh_frame)
 .eh_frame      0x0800f0f4        0x0 D:/STM/STM32CubeIDE_1.16.0/STM32CubeIDE/plugins/com.st.stm32cube.ide.mcu.externaltools.gnu-tools-for-stm32.12.3.rel1.win32_1.0.200.202406191623/tools/bin/../lib/gcc/arm-none-eabi/12.3.1/thumb/v8-m.main+fp/hard/crtbegin.o
 *(.init)
 .init          0x0800f0f4        0x4 D:/STM/STM32CubeIDE_1.16.0/STM32CubeIDE/plugins/com.st.stm32cube.ide.mcu.externaltools.gnu-tools-for-stm32.12.3.rel1.win32_1.0.200.202406191623/tools/bin/../lib/gcc/arm-none-eabi/12.3.1/thumb/v8-m.main+fp/hard/crti.o
                0x0800f0f4                _init
 .init          0x0800f0f8        0x8 D:/STM/STM32CubeIDE_1.16.0/STM32CubeIDE/plugins/com.st.stm32cube.ide.mcu.externaltools.gnu-tools-for-stm32.12.3.rel1.win32_1.0.200.202406191623/tools/bin/../lib/gcc/arm-none-eabi/12.3.1/thumb/v8-m.main+fp/hard/crtn.o
 *(.fini)
 .fini          0x0800f100        0x4 D:/STM/STM32CubeIDE_1.16.0/STM32CubeIDE/plugins/com.st.stm32cube.ide.mcu.externaltools.gnu-tools-for-stm32.12.3.rel1.win32_1.0.200.202406191623/tools/bin/../lib/gcc/arm-none-eabi/12.3.1/thumb/v8-m.main+fp/hard/crti.o
                0x0800f100                _fini
 .fini          0x0800f104        0x8 D:/STM/STM32CubeIDE_1.16.0/STM32CubeIDE/plugins/com.st.stm32cube.ide.mcu.externaltools.gnu-tools-for-stm32.12.3.rel1.win32_1.0.200.202406191623/tools/bin/../lib/gcc/arm-none-eabi/12.3.1/thumb/v8-m.main+fp/hard/crtn.o
                0x0800f10c                        . = ALIGN (0x4)
                0x0800f10c                        _etext = .

.vfp11_veneer   0x0800f10c        0x0
 .vfp11_veneer  0x0800f10c        0x0 linker stubs

.v4_bx          0x0800f10c        0x0
 .v4_bx         0x0800f10c        0x0 linker stubs

.iplt           0x0800f10c        0x0
 .iplt          0x0800f10c        0x0 D:/STM/STM32CubeIDE_1.16.0/STM32CubeIDE/plugins/com.st.stm32cube.ide.mcu.externaltools.gnu-tools-for-stm32.12.3.rel1.win32_1.0.200.202406191623/tools/bin/../lib/gcc/arm-none-eabi/12.3.1/thumb/v8-m.main+fp/hard/crtbegin.o

.rodata         0x0800f110      0x4b0
                0x0800f110                        . = ALIGN (0x4)
 *(.rodata)
 .rodata        0x0800f110       0x3e ./Core/Src/main.o
 *(.rodata*)
 *fill*         0x0800f14e        0x2 
 .rodata.AHBPrescTable
                0x0800f150       0x10 ./Core/Src/system_stm32h5xx.o
                0x0800f150                AHBPrescTable
 .rodata.APBPrescTable
                0x0800f160        0x8 ./Core/Src/system_stm32h5xx.o
                0x0800f160                APBPrescTable
 .rodata.UARTPrescTable
                0x0800f168       0x18 ./Drivers/STM32H5xx_HAL_Driver/Src/stm32h5xx_hal_uart.o
                0x0800f168                UARTPrescTable
 .rodata.numerator.1
                0x0800f180        0x8 ./Drivers/STM32H5xx_HAL_Driver/Src/stm32h5xx_hal_uart_ex.o
 .rodata.denominator.0
                0x0800f188        0x8 ./Drivers/STM32H5xx_HAL_Driver/Src/stm32h5xx_hal_uart_ex.o
 .rodata._printf_float.str1.1
                0x0800f190       0x12 D:/STM/STM32CubeIDE_1.16.0/STM32CubeIDE/plugins/com.st.stm32cube.ide.mcu.externaltools.gnu-tools-for-stm32.12.3.rel1.win32_1.0.200.202406191623/tools/bin/../lib/gcc/arm-none-eabi/12.3.1/../../../../arm-none-eabi/lib/thumb/v8-m.main+fp/hard\libc_nano.a(libc_a-nano-vfprintf_float.o)
 .rodata._printf_i.str1.1
                0x0800f1a2       0x22 D:/STM/STM32CubeIDE_1.16.0/STM32CubeIDE/plugins/com.st.stm32cube.ide.mcu.externaltools.gnu-tools-for-stm32.12.3.rel1.win32_1.0.200.202406191623/tools/bin/../lib/gcc/arm-none-eabi/12.3.1/../../../../arm-none-eabi/lib/thumb/v8-m.main+fp/hard\libc_nano.a(libc_a-nano-vfprintf_i.o)
 .rodata._scanf_float.str1.1
                0x0800f1c4        0x5 D:/STM/STM32CubeIDE_1.16.0/STM32CubeIDE/plugins/com.st.stm32cube.ide.mcu.externaltools.gnu-tools-for-stm32.12.3.rel1.win32_1.0.200.202406191623/tools/bin/../lib/gcc/arm-none-eabi/12.3.1/../../../../arm-none-eabi/lib/thumb/v8-m.main+fp/hard\libc_nano.a(libc_a-nano-vfscanf_float.o)
                                  0x6 (size before relaxing)
 .rodata._dtoa_r.str1.1
                0x0800f1c9       0x8d D:/STM/STM32CubeIDE_1.16.0/STM32CubeIDE/plugins/com.st.stm32cube.ide.mcu.externaltools.gnu-tools-for-stm32.12.3.rel1.win32_1.0.200.202406191623/tools/bin/../lib/gcc/arm-none-eabi/12.3.1/../../../../arm-none-eabi/lib/thumb/v8-m.main+fp/hard\libc_nano.a(libc_a-dtoa.o)
                                 0x8f (size before relaxing)
 .rodata._Balloc.str1.1
                0x0800f256       0x59 D:/STM/STM32CubeIDE_1.16.0/STM32CubeIDE/plugins/com.st.stm32cube.ide.mcu.externaltools.gnu-tools-for-stm32.12.3.rel1.win32_1.0.200.202406191623/tools/bin/../lib/gcc/arm-none-eabi/12.3.1/../../../../arm-none-eabi/lib/thumb/v8-m.main+fp/hard\libc_nano.a(libc_a-mprec.o)
                                 0x70 (size before relaxing)
 .rodata.__multadd.str1.1
                0x0800f2af       0x11 D:/STM/STM32CubeIDE_1.16.0/STM32CubeIDE/plugins/com.st.stm32cube.ide.mcu.externaltools.gnu-tools-for-stm32.12.3.rel1.win32_1.0.200.202406191623/tools/bin/../lib/gcc/arm-none-eabi/12.3.1/../../../../arm-none-eabi/lib/thumb/v8-m.main+fp/hard\libc_nano.a(libc_a-mprec.o)
 *fill*         0x0800f2af        0x1 
 .rodata.p05.0  0x0800f2b0        0xc D:/STM/STM32CubeIDE_1.16.0/STM32CubeIDE/plugins/com.st.stm32cube.ide.mcu.externaltools.gnu-tools-for-stm32.12.3.rel1.win32_1.0.200.202406191623/tools/bin/../lib/gcc/arm-none-eabi/12.3.1/../../../../arm-none-eabi/lib/thumb/v8-m.main+fp/hard\libc_nano.a(libc_a-mprec.o)
 *fill*         0x0800f2bc        0x4 
 .rodata.__mprec_bigtens
                0x0800f2c0       0x28 D:/STM/STM32CubeIDE_1.16.0/STM32CubeIDE/plugins/com.st.stm32cube.ide.mcu.externaltools.gnu-tools-for-stm32.12.3.rel1.win32_1.0.200.202406191623/tools/bin/../lib/gcc/arm-none-eabi/12.3.1/../../../../arm-none-eabi/lib/thumb/v8-m.main+fp/hard\libc_nano.a(libc_a-mprec.o)
                0x0800f2c0                __mprec_bigtens
 .rodata.__mprec_tens
                0x0800f2e8       0xc8 D:/STM/STM32CubeIDE_1.16.0/STM32CubeIDE/plugins/com.st.stm32cube.ide.mcu.externaltools.gnu-tools-for-stm32.12.3.rel1.win32_1.0.200.202406191623/tools/bin/../lib/gcc/arm-none-eabi/12.3.1/../../../../arm-none-eabi/lib/thumb/v8-m.main+fp/hard\libc_nano.a(libc_a-mprec.o)
                0x0800f2e8                __mprec_tens
 .rodata._strtod_l.str1.1
                0x0800f3b0        0x2 D:/STM/STM32CubeIDE_1.16.0/STM32CubeIDE/plugins/com.st.stm32cube.ide.mcu.externaltools.gnu-tools-for-stm32.12.3.rel1.win32_1.0.200.202406191623/tools/bin/../lib/gcc/arm-none-eabi/12.3.1/../../../../arm-none-eabi/lib/thumb/v8-m.main+fp/hard\libc_nano.a(libc_a-strtod.o)
                                  0xf (size before relaxing)
 *fill*         0x0800f3b2        0x2 
 .rodata.fpinan.0
                0x0800f3b4       0x14 D:/STM/STM32CubeIDE_1.16.0/STM32CubeIDE/plugins/com.st.stm32cube.ide.mcu.externaltools.gnu-tools-for-stm32.12.3.rel1.win32_1.0.200.202406191623/tools/bin/../lib/gcc/arm-none-eabi/12.3.1/../../../../arm-none-eabi/lib/thumb/v8-m.main+fp/hard\libc_nano.a(libc_a-strtod.o)
 .rodata.fpi.1  0x0800f3c8       0x14 D:/STM/STM32CubeIDE_1.16.0/STM32CubeIDE/plugins/com.st.stm32cube.ide.mcu.externaltools.gnu-tools-for-stm32.12.3.rel1.win32_1.0.200.202406191623/tools/bin/../lib/gcc/arm-none-eabi/12.3.1/../../../../arm-none-eabi/lib/thumb/v8-m.main+fp/hard\libc_nano.a(libc_a-strtod.o)
 *fill*         0x0800f3dc        0x4 
 .rodata.tinytens
                0x0800f3e0       0x28 D:/STM/STM32CubeIDE_1.16.0/STM32CubeIDE/plugins/com.st.stm32cube.ide.mcu.externaltools.gnu-tools-for-stm32.12.3.rel1.win32_1.0.200.202406191623/tools/bin/../lib/gcc/arm-none-eabi/12.3.1/../../../../arm-none-eabi/lib/thumb/v8-m.main+fp/hard\libc_nano.a(libc_a-strtod.o)
 .rodata._ctype_
                0x0800f408      0x101 D:/STM/STM32CubeIDE_1.16.0/STM32CubeIDE/plugins/com.st.stm32cube.ide.mcu.externaltools.gnu-tools-for-stm32.12.3.rel1.win32_1.0.200.202406191623/tools/bin/../lib/gcc/arm-none-eabi/12.3.1/../../../../arm-none-eabi/lib/thumb/v8-m.main+fp/hard\libc_nano.a(libc_a-ctype_.o)
                0x0800f408                _ctype_
 .rodata._svfprintf_r.str1.1
                0x0800f509       0x11 D:/STM/STM32CubeIDE_1.16.0/STM32CubeIDE/plugins/com.st.stm32cube.ide.mcu.externaltools.gnu-tools-for-stm32.12.3.rel1.win32_1.0.200.202406191623/tools/bin/../lib/gcc/arm-none-eabi/12.3.1/../../../../arm-none-eabi/lib/thumb/v8-m.main+fp/hard\libc_nano.a(libc_a-nano-svfprintf.o)
 .rodata._vfprintf_r.str1.1
                0x0800f51a       0x11 D:/STM/STM32CubeIDE_1.16.0/STM32CubeIDE/plugins/com.st.stm32cube.ide.mcu.externaltools.gnu-tools-for-stm32.12.3.rel1.win32_1.0.200.202406191623/tools/bin/../lib/gcc/arm-none-eabi/12.3.1/../../../../arm-none-eabi/lib/thumb/v8-m.main+fp/hard\libc_nano.a(libc_a-nano-vfprintf.o)
 .rodata._setlocale_r.str1.1
                0x0800f51a        0x8 D:/STM/STM32CubeIDE_1.16.0/STM32CubeIDE/plugins/com.st.stm32cube.ide.mcu.externaltools.gnu-tools-for-stm32.12.3.rel1.win32_1.0.200.202406191623/tools/bin/../lib/gcc/arm-none-eabi/12.3.1/../../../../arm-none-eabi/lib/thumb/v8-m.main+fp/hard\libc_nano.a(libc_a-locale.o)
                                  0x9 (size before relaxing)
 .rodata.str1.1
                0x0800f522        0x2 D:/STM/STM32CubeIDE_1.16.0/STM32CubeIDE/plugins/com.st.stm32cube.ide.mcu.externaltools.gnu-tools-for-stm32.12.3.rel1.win32_1.0.200.202406191623/tools/bin/../lib/gcc/arm-none-eabi/12.3.1/../../../../arm-none-eabi/lib/thumb/v8-m.main+fp/hard\libc_nano.a(libc_a-locale.o)
 .rodata.__assert_func.str1.1
                0x0800f522       0x3c D:/STM/STM32CubeIDE_1.16.0/STM32CubeIDE/plugins/com.st.stm32cube.ide.mcu.externaltools.gnu-tools-for-stm32.12.3.rel1.win32_1.0.200.202406191623/tools/bin/../lib/gcc/arm-none-eabi/12.3.1/../../../../arm-none-eabi/lib/thumb/v8-m.main+fp/hard\libc_nano.a(libc_a-assert.o)
                                 0x3d (size before relaxing)
 .rodata.__gethex.str1.1
                0x0800f55e       0x60 D:/STM/STM32CubeIDE_1.16.0/STM32CubeIDE/plugins/com.st.stm32cube.ide.mcu.externaltools.gnu-tools-for-stm32.12.3.rel1.win32_1.0.200.202406191623/tools/bin/../lib/gcc/arm-none-eabi/12.3.1/../../../../arm-none-eabi/lib/thumb/v8-m.main+fp/hard\libc_nano.a(libc_a-gdtoa-gethex.o)
                                 0x73 (size before relaxing)
                0x0800f5c0                        . = ALIGN (0x4)
 *fill*         0x0800f5be        0x2 

.ARM.extab      0x0800f5c0        0x0
                0x0800f5c0                        . = ALIGN (0x4)
 *(.ARM.extab* .gnu.linkonce.armextab.*)
                0x0800f5c0                        . = ALIGN (0x4)

.ARM            0x0800f5c0        0x8
                0x0800f5c0                        . = ALIGN (0x4)
                0x0800f5c0                        __exidx_start = .
 *(.ARM.exidx*)
 .ARM.exidx     0x0800f5c0        0x8 D:/STM/STM32CubeIDE_1.16.0/STM32CubeIDE/plugins/com.st.stm32cube.ide.mcu.externaltools.gnu-tools-for-stm32.12.3.rel1.win32_1.0.200.202406191623/tools/bin/../lib/gcc/arm-none-eabi/12.3.1/../../../../arm-none-eabi/lib/thumb/v8-m.main+fp/hard\libc_nano.a(libc_a-strlen.o)
 .ARM.exidx     0x0800f5c8        0x0 D:/STM/STM32CubeIDE_1.16.0/STM32CubeIDE/plugins/com.st.stm32cube.ide.mcu.externaltools.gnu-tools-for-stm32.12.3.rel1.win32_1.0.200.202406191623/tools/bin/../lib/gcc/arm-none-eabi/12.3.1/thumb/v8-m.main+fp/hard\libgcc.a(_udivmoddi4.o)
                                  0x8 (size before relaxing)
                0x0800f5c8                        __exidx_end = .
                0x0800f5c8                        . = ALIGN (0x4)

.preinit_array  0x0800f5c8        0x0
                0x0800f5c8                        . = ALIGN (0x4)
                0x0800f5c8                        PROVIDE (__preinit_array_start = .)
 *(.preinit_array*)
                0x0800f5c8                        PROVIDE (__preinit_array_end = .)
                0x0800f5c8                        . = ALIGN (0x4)

.init_array     0x0800f5c8        0x4
                0x0800f5c8                        . = ALIGN (0x4)
                0x0800f5c8                        PROVIDE (__init_array_start = .)
 *(SORT_BY_NAME(.init_array.*))
 *(.init_array*)
 .init_array    0x0800f5c8        0x4 D:/STM/STM32CubeIDE_1.16.0/STM32CubeIDE/plugins/com.st.stm32cube.ide.mcu.externaltools.gnu-tools-for-stm32.12.3.rel1.win32_1.0.200.202406191623/tools/bin/../lib/gcc/arm-none-eabi/12.3.1/thumb/v8-m.main+fp/hard/crtbegin.o
                0x0800f5cc                        PROVIDE (__init_array_end = .)
                0x0800f5cc                        . = ALIGN (0x4)

.fini_array     0x0800f5cc        0x4
                0x0800f5cc                        . = ALIGN (0x4)
                [!provide]                        PROVIDE (__fini_array_start = .)
 *(SORT_BY_NAME(.fini_array.*))
 *(.fini_array*)
 .fini_array    0x0800f5cc        0x4 D:/STM/STM32CubeIDE_1.16.0/STM32CubeIDE/plugins/com.st.stm32cube.ide.mcu.externaltools.gnu-tools-for-stm32.12.3.rel1.win32_1.0.200.202406191623/tools/bin/../lib/gcc/arm-none-eabi/12.3.1/thumb/v8-m.main+fp/hard/crtbegin.o
                [!provide]                        PROVIDE (__fini_array_end = .)
                0x0800f5d0                        . = ALIGN (0x4)
                0x0800f5d0                        _sidata = LOADADDR (.data)

.rel.dyn        0x0800f5d0        0x0
 .rel.iplt      0x0800f5d0        0x0 D:/STM/STM32CubeIDE_1.16.0/STM32CubeIDE/plugins/com.st.stm32cube.ide.mcu.externaltools.gnu-tools-for-stm32.12.3.rel1.win32_1.0.200.202406191623/tools/bin/../lib/gcc/arm-none-eabi/12.3.1/thumb/v8-m.main+fp/hard/crtbegin.o

.data           0x20000000      0x1d4 load address 0x0800f5d0
                0x20000000                        . = ALIGN (0x4)
                0x20000000                        _sdata = .
 *(.data)
 *(.data*)
 .data.SystemCoreClock
                0x20000000        0x4 ./Core/Src/system_stm32h5xx.o
                0x20000000                SystemCoreClock
 .data.uwTickPrio
                0x20000004        0x4 ./Drivers/STM32H5xx_HAL_Driver/Src/stm32h5xx_hal.o
                0x20000004                uwTickPrio
 .data.uwTickFreq
                0x20000008        0x1 ./Drivers/STM32H5xx_HAL_Driver/Src/stm32h5xx_hal.o
                0x20000008                uwTickFreq
 *fill*         0x20000009        0x3 
 .data.__sglue  0x2000000c        0xc D:/STM/STM32CubeIDE_1.16.0/STM32CubeIDE/plugins/com.st.stm32cube.ide.mcu.externaltools.gnu-tools-for-stm32.12.3.rel1.win32_1.0.200.202406191623/tools/bin/../lib/gcc/arm-none-eabi/12.3.1/../../../../arm-none-eabi/lib/thumb/v8-m.main+fp/hard\libc_nano.a(libc_a-findfp.o)
                0x2000000c                __sglue
 .data._impure_ptr
                0x20000018        0x4 D:/STM/STM32CubeIDE_1.16.0/STM32CubeIDE/plugins/com.st.stm32cube.ide.mcu.externaltools.gnu-tools-for-stm32.12.3.rel1.win32_1.0.200.202406191623/tools/bin/../lib/gcc/arm-none-eabi/12.3.1/../../../../arm-none-eabi/lib/thumb/v8-m.main+fp/hard\libc_nano.a(libc_a-impure.o)
                0x20000018                _impure_ptr
 .data._impure_data
                0x2000001c       0x4c D:/STM/STM32CubeIDE_1.16.0/STM32CubeIDE/plugins/com.st.stm32cube.ide.mcu.externaltools.gnu-tools-for-stm32.12.3.rel1.win32_1.0.200.202406191623/tools/bin/../lib/gcc/arm-none-eabi/12.3.1/../../../../arm-none-eabi/lib/thumb/v8-m.main+fp/hard\libc_nano.a(libc_a-impure.o)