../Core/Src/main.c:96:6:__io_putchar	16	static
../Core/Src/main.c:105:5:main	16	static
../Core/Src/main.c:185:6:SystemClock_Config	120	static
../Core/Src/main.c:246:13:MX_ADC1_Init	40	static
../Core/Src/main.c:305:13:MX_SPI1_Init	8	static
../Core/Src/main.c:353:13:MX_TIM1_Init	120	static
../Core/Src/main.c:435:13:MX_USART1_UART_Init	8	static
../Core/Src/main.c:483:13:MX_GPIO_Init	40	static
../Core/Src/main.c:529:6:ReadADC_voltage_current	56	static
../Core/Src/main.c:578:6:write_value	32	static
../Core/Src/main.c:621:6:ReadData	56	dynamic
../Core/Src/main.c:638:6:Beep_Beep	16	static
../Core/Src/main.c:658:6:Error_Handler	4	static,ignoring_inline_asm
